# proof playthrough_frames_utc
# utc 20261007T235736Z
# head bca7d33 (uncommitted paths: 94)
# cmd bash -c TZ=UTC ls -l --time-style=+%Y%m%dT%H%M%SZ docs/stills/playthrough | awk "NR>1 && \$6 >= \"20261007T2340\" {print \$6, \$7}"
20261007T235622Z A01_boot_loading.jpg
20261007T235629Z A01_menu.jpg
20261007T235630Z A02_difficulty.jpg
20261007T235632Z A02_difficulty_picked.jpg
20261007T235636Z A02_game_start.jpg
20261007T235637Z A03_onboarding_1.jpg
20261007T235638Z A03_onboarding_4.jpg
20261007T235639Z A03_onboarding_7.jpg
20261007T235640Z A03_onboarding_done.jpg
20261007T234806Z A04_corner.jpg
20261007T234801Z A04_crouch.jpg
20261007T234751Z A04_flashlight_off.jpg
20261007T234757Z A04_run.jpg
20261007T234754Z A04_walk.jpg
20261007T234817Z A05_death_fall.jpg
20261007T234818Z A05_death_screen.jpg
20261007T234816Z A05_monster_dead.jpg
20261007T234809Z A05_monster_hit.jpg
20261007T234807Z A05_monster_sight.jpg
20261007T234820Z A05_respawn.jpg
20261007T234821Z A06_inventory.jpg
20261007T234822Z A06_inventory_selected.jpg
20261007T234823Z A06_pause.jpg
20261007T234825Z A06_shop.jpg
20261007T234825Z A06_shop_bought.jpg
20261007T234827Z A06_upgrades.jpg
20261007T234830Z A07_map_fresh.jpg
20261007T234830Z A07_map_scrolled.jpg
20261007T234835Z A07_travel_residential.jpg
20261007T234838Z A08_battery_0.jpg
20261007T234837Z A08_battery_low.jpg
20261007T234840Z A09_skill_tree.jpg
20261007T234842Z A12_dropdown_open.jpg
20261007T234845Z A12_tier_0_low.jpg
20261007T234850Z A12_tier_1_medium.jpg
20261007T234903Z A12_tier_2_high.jpg
20261007T234859Z A12_tier_3_ultra.jpg
20261007T234916Z A13_lang_ar.jpg
20261007T234908Z A13_lang_de.jpg
20261007T234906Z A13_lang_en.jpg
20261007T234907Z A13_lang_es.jpg
20261007T234908Z A13_lang_fr.jpg
20261007T234909Z A13_lang_it.jpg
20261007T234912Z A13_lang_ja.jpg
20261007T234913Z A13_lang_ko.jpg
20261007T234910Z A13_lang_pt_BR.jpg
20261007T234905Z A13_lang_ru.jpg
20261007T234911Z A13_lang_tr.jpg
20261007T234914Z A13_lang_zh.jpg
20261007T234915Z A13_lang_zh_TW.jpg
20261007T234920Z A15_menu_after_play.jpg
20261007T235549Z B01_menu.jpg
20261007T235556Z B02_continued.jpg
20261007T235616Z B03_hardcore_death.jpg
20261007T235607Z B03_hardcore_on.jpg
20261007T235609Z B03_play_click.jpg
20261007T235557Z B04_daily_card.jpg
20261007T235558Z B04_daily_done.jpg
20261007T235603Z B05_achievements.jpg
20261007T235604Z B05_stats.jpg
20261007T235643Z S_codex_achievements.jpg
20261007T235645Z S_codex_bestiary.jpg
20261007T235648Z S_codex_collection.jpg
20261007T235647Z S_codex_help.jpg
20261007T235641Z S_codex_journal.jpg
20261007T235649Z S_codex_photos.jpg
20261007T235642Z S_codex_quests.jpg
20261007T235644Z S_codex_stats.jpg
20261007T235656Z S_credits.jpg
20261007T235652Z S_hud_help.jpg
20261007T235650Z S_hud_log.jpg
20261007T235653Z S_workbench.jpg
20261007T234933Z V00_menu.jpg
20261007T234957Z V04_first_repair.jpg
20261007T235500Z V05_first_hit.jpg
20261007T235027Z V05_first_monster.jpg
20261007T235159Z V07_map_travel.jpg
20261007T235407Z V09_boss_spawn.jpg
20261007T235525Z V10_victory.jpg
20261007T235530Z V11_confirm.jpg
20261007T235529Z V11_menu_ngp.jpg
20261007T235536Z V11_ng_run.jpg
20261007T235527Z V11_ngp_activated.jpg
20261007T235528Z V11_ngp_modifier.jpg
20261007T235526Z V11_ngp_screen.jpg
20261007T235536Z V14_pause.jpg
20261007T235005Z V_t0040.jpg
20261007T235035Z V_t0070.jpg
20261007T235105Z V_t0100.jpg
20261007T235135Z V_t0130.jpg
20261007T235205Z V_t0160.jpg
20261007T235235Z V_t0190.jpg
20261007T235305Z V_t0220.jpg
20261007T235335Z V_t0251.jpg
20261007T235406Z V_t0281.jpg
20261007T235436Z V_t0311.jpg
20261007T235506Z V_t0341.jpg
# EXIT=0
