# proof s4_truth_bisect_7c49500
# utc 20261007T142905Z
# head 7c49500 (uncommitted paths: 4)
# cmd bash docs/artifacts/rc16/audio_truth_bisect.sh
  user-data guard: 11 file(s) snapshotted from C:\Users\Maxsim\AppData\Roaming/Godot/app_userdata/The Last Streetlight
[closeout] DONE checks=56 fails=0
  closeout_check rc=0 (log: .qa_logs/closeout_check.log)
  user-data guard: 11 file(s) restored byte-identical
closeout rc16 rc=0
  user-data guard: 11 file(s) snapshotted from C:\Users\Maxsim\AppData\Roaming/Godot/app_userdata/The Last Streetlight
  res://scenes/tools/audio_truth_gate_scene.tscn rc=0 (log: .qa_logs/audio_truth_gate_scene.log)
  user-data guard: 11 file(s) restored byte-identical
VARIANT layout_at_b69ed90 rc=0 [audio-truth] Music bus peak=-12.3dB (ceiling <=-1.5dB) ok
  user-data guard: 11 file(s) snapshotted from C:\Users\Maxsim\AppData\Roaming/Godot/app_userdata/The Last Streetlight
  res://scenes/tools/audio_truth_gate_scene.tscn rc=1 (log: .qa_logs/audio_truth_gate_scene.log)
  user-data guard: 11 file(s) restored byte-identical
VARIANT music_manager_at_b69ed90 rc=1 [audio-truth] Music bus peak=0.9dB (ceiling <=-1.5dB) CLIP-FAIL
  user-data guard: 11 file(s) snapshotted from C:\Users\Maxsim\AppData\Roaming/Godot/app_userdata/The Last Streetlight
  res://scenes/tools/audio_truth_gate_scene.tscn rc=1 (log: .qa_logs/audio_truth_gate_scene.log)
  user-data guard: 11 file(s) restored byte-identical
VARIANT audio_manager_and_footsteps_at_b69ed90 rc=1 [audio-truth] Music bus peak=0.7dB (ceiling <=-1.5dB) CLIP-FAIL
# EXIT=0
