Godot Engine v4.7.stable.official.5b4e0cb0f - https://godotengine.org
OpenGL API 3.3.0 Core Profile Context 22.20.44.221025 - Compatibility - Using Device: ATI Technologies Inc. - AMD Radeon(TM) Graphics

[audio-truth] driver=WASAPI output_device=Default devices=["Default", "Speaker (Realtek(R) Audio)"]
[audio-truth] Master bus peak=-80.0dB (ceiling <=-1.5dB) muted for QA
[audio-truth] Music bus peak=-10.8dB (ceiling <=-1.5dB) ok
[audio-truth] SFX bus peak=-67.1dB (ceiling <=-1.5dB) ok
[audio-truth] Ambient bus peak=-25.6dB (ceiling <=-1.5dB) ok
[audio-truth] PASS -- Music bus peak=-10.8dB (threshold >-45.0dB)
[audio-truth] SFX peak=-67.1dB Ambient peak=-25.6dB (reported, not blocking -- best-effort footstep/hum trigger, see class comment)
[audio-truth] PASS overall
ERROR: 2 RID allocations of type 'N5GLES37TextureE' were leaked at exit.
ERROR: 12 RID allocations of type 'PN18TextServerAdvanced22ShapedTextDataAdvancedE' were leaked at exit.
ERROR: 2 RID allocations of type 'PN18TextServerAdvanced12FontAdvancedE' were leaked at exit.
WARNING: 6 RIDs of type "CanvasItem" were leaked.
   at: _free_rids (servers/rendering/renderer_canvas_cull.cpp:2735)
ERROR: Texture with GL ID of 93: leaked 131072 bytes.
   at: ~Utilities (drivers/gles3/storage/utilities.cpp:82)
ERROR: Texture with GL ID of 133: leaked 131072 bytes.
   at: ~Utilities (drivers/gles3/storage/utilities.cpp:82)
WARNING: 38 ObjectDB instances were leaked at exit (run with `--verbose` for details).
   at: cleanup (core/object/object.cpp:2535)
ERROR: 7 resources still in use at exit (run with --verbose for details).
   at: clear (core/io/resource.cpp:822)
