Godot Engine v4.7.stable.official.5b4e0cb0f - https://godotengine.org

[timing] fps=30 timer_1s=1.03333
[timing] fps=30 tween_1s=1.00000
[timing] fps=30 walk_mps=2.99209
[timing] fps=30 sprint_mps=4.71073
[timing] fps=30 stamina_drain_per_s=22.41250
[timing] fps=30 battery_drain_per_s=0.22222
[timing] fps=30 rifle_shots_per_s=7.50000
[timing] fps=30 rifle_reload_s=2.20000
[timing] fps=30 pistol_shots_per_s=3.15789
[timing] fps=30 melee_swings_per_s=1.49378
[timing] fps=30 monster_hits_per_s=0.66482
[timing] fps=30 monster_damage_per_s=6.64820
[timing] fps=30 player_damage_per_s=2.20222
[timing] fps=30 pickup_reach_m=1.25000
[timing] fps=30 boss_hp0=800.00000
[timing] fps=30 boss_ttk_s=20.30000
[timing] fps=30 delta_mean=0.03333
[timing] fps=30 physics_ticks_per_sim_s=59.98500
[timing] DONE fps=30 frames=3000 sim_s=99.992 physics_ticks=5998
ERROR: 2 RID allocations of type 'PN13RendererDummy14TextureStorage12DummyTextureE' were leaked at exit.
ERROR: 12 RID allocations of type 'PN18TextServerAdvanced22ShapedTextDataAdvancedE' were leaked at exit.
ERROR: 2 RID allocations of type 'PN18TextServerAdvanced12FontAdvancedE' were leaked at exit.
WARNING: 6 RIDs of type "CanvasItem" were leaked.
   at: _free_rids (servers/rendering/renderer_canvas_cull.cpp:2735)
WARNING: 91 ObjectDB instances were leaked at exit (run with `--verbose` for details).
   at: cleanup (core/object/object.cpp:2535)
ERROR: 26 resources still in use at exit (run with --verbose for details).
   at: clear (core/io/resource.cpp:822)
