Godot Engine v4.7.stable.official.5b4e0cb0f - https://godotengine.org

[timing] fps=120 timer_1s=1.00833
[timing] fps=120 tween_1s=1.00000
[timing] fps=120 walk_mps=2.96837
[timing] fps=120 sprint_mps=4.69121
[timing] fps=120 stamina_drain_per_s=22.31950
[timing] fps=120 battery_drain_per_s=0.22245
[timing] fps=120 rifle_shots_per_s=7.50000
[timing] fps=120 rifle_reload_s=2.20000
[timing] fps=120 pistol_shots_per_s=3.15789
[timing] fps=120 melee_swings_per_s=1.49688
[timing] fps=120 monster_hits_per_s=0.66620
[timing] fps=120 monster_damage_per_s=6.66204
[timing] fps=120 player_damage_per_s=2.20680
[timing] fps=120 pickup_reach_m=1.25000
[timing] fps=120 boss_hp0=800.00000
[timing] fps=120 boss_ttk_s=20.28333
[timing] fps=120 delta_mean=0.00833
[timing] fps=120 physics_ticks_per_sim_s=59.98486
[timing] DONE fps=120 frames=11890 sim_s=99.092 physics_ticks=5944
ERROR: 2 RID allocations of type 'PN13RendererDummy14TextureStorage12DummyTextureE' were leaked at exit.
ERROR: 12 RID allocations of type 'PN18TextServerAdvanced22ShapedTextDataAdvancedE' were leaked at exit.
ERROR: 2 RID allocations of type 'PN18TextServerAdvanced12FontAdvancedE' were leaked at exit.
WARNING: 6 RIDs of type "CanvasItem" were leaked.
   at: _free_rids (servers/rendering/renderer_canvas_cull.cpp:2735)
WARNING: 41 ObjectDB instances were leaked at exit (run with `--verbose` for details).
   at: cleanup (core/object/object.cpp:2535)
ERROR: 7 resources still in use at exit (run with --verbose for details).
   at: clear (core/io/resource.cpp:822)
