Godot Engine v4.7.stable.official.5b4e0cb0f - https://godotengine.org

[bot s3] t=3.2 inventory notice: Photo added (1)
[bot s3] t=5.2 New Game stable, player at (-8.0, 1.0, -8.0)
[bot s3] t=10.2 inventory notice: Photo added (2)
[bot s3] t=10.2 inventory notice: DOCUMENT FOUND: Photo: Barbecue on Maple Row
[bot s3] t=10.2 hb ph=spine st=2 want=suburbs cur=suburbs si=0 sc=0 mr=0 ppos=(-4.0, 1.0, -11.0) valid=true in_tree=true finite=true tgt=(8.0, 0.0, 8.0) tdist=22.1 npu=10 col=StreetCollision col=StreetCollision col=StreetCollision pack=2.9/40kg slots=3/12 batteries=0 charge=98 itarget=none aim_dot=1.00 yaw=-147
[bot s3] t=15.2 hb ph=spine st=2 want=suburbs cur=suburbs si=0 sc=0 mr=0 ppos=(7.0, 1.0, -5.0) valid=true in_tree=true finite=true tgt=(8.0, 0.0, -3.0) tdist=1.5 npu=10 near=@CharacterBody3D@181@2.1 col=StreetCollision col=StreetCollision col=StreetCollision pack=2.9/40kg slots=3/12 batteries=0 charge=97 itarget=none aim_dot=1.00 yaw=-155
[bot s3] t=20.2 hb ph=spine st=2 want=suburbs cur=suburbs si=0 sc=0 mr=0 ppos=(13.0, 1.0, 4.0) valid=true in_tree=true finite=true tgt=(15.0, 1.0, 9.0) tdist=4.8 npu=8 near=@CharacterBody3D@181@1.9 col=StreetCollision col=StreetCollision col=StreetCollision pack=3.5/40kg slots=4/12 batteries=2 charge=96 itarget=none aim_dot=1.00 yaw=-152
[bot s3] t=22.9 inventory notice: Suburbs: partial power restored
[bot s3] t=23.9 inventory notice: Photo added (3)
[bot s3] t=23.9 inventory notice: Suburbs: streetlights are on
[bot s3] t=24.9 inventory notice: Photo added (4)
[bot s3] t=24.9 inventory notice: Photo added (5)
[bot s3] t=24.9 inventory notice: Photo added (6)
[bot s3] t=24.9 inventory notice: QUEST COMPLETE: Restart the residential substation (+100 coins)
[bot s3] t=24.9 inventory notice: +200 coins for a district
[bot s3] t=24.9 inventory notice: Suburbs: district fully restored
[bot s3] t=25.0 suburbs FULL (25.0s)
[bot s3] t=25.2 hb ph=spine st=2 want=residential cur=suburbs si=1 sc=35 mr=0 ppos=(8.0, 1.0, 8.0) valid=true in_tree=true finite=true tgt=(8.0, 0.0, 8.0) tdist=-1.0 npu=6 near=@CharacterBody3D@181@0.8 col=Body col=StreetCollision pack=1.9/40kg slots=2/12 batteries=3 charge=95 itarget=none aim_dot=0.98 yaw=145
[bot s3] t=26.0 inventory notice: Photo added (7)
[bot s3] t=26.0 Travel -> residential (map button)
[bot s3] t=30.3 hb ph=spine st=2 want=residential cur=residential si=1 sc=35 mr=0 ppos=(-14.0, 1.0, 3.0) valid=true in_tree=true finite=true tgt=(-17.0, 1.0, 9.0) tdist=6.5 npu=15 col=GroundBody col=GroundBody col=GroundBody pack=1.9/40kg slots=2/12 batteries=3 charge=94 itarget=none aim_dot=1.00 yaw=151
[bot s3] t=35.3 hb ph=spine st=2 want=residential cur=residential si=1 sc=35 mr=0 ppos=(-7.0, 1.0, 8.0) valid=true in_tree=true finite=true tgt=(8.0, 0.0, 8.0) tdist=15.4 npu=14 near=@CharacterBody3D@619@1.4 col=StreetCollision col=StreetCollision col=StreetCollision pack=3.4/40kg slots=3/12 batteries=3 charge=93 itarget=none aim_dot=1.00 yaw=-91
[bot s3] t=40.0 inventory notice: Residential blocks: partial power restored
[bot s3] t=40.3 hb ph=spine st=2 want=residential cur=residential si=1 sc=45 mr=0 ppos=(5.0, 1.0, 7.0) valid=true in_tree=true finite=true tgt=(6.0, 1.0, -3.0) tdist=10.1 npu=13 near=@CharacterBody3D@619@1.3 col=StreetCollision col=StreetCollision col=StreetCollision pack=7.9/40kg slots=3/12 batteries=3 charge=92 itarget=none aim_dot=1.00 yaw=-2
[bot s3] t=45.3 hb ph=spine st=2 want=residential cur=residential si=1 sc=45 mr=0 ppos=(7.0, 1.0, 3.0) valid=true in_tree=true finite=true tgt=(8.0, 0.0, 8.0) tdist=5.1 npu=12 near=@CharacterBody3D@619@1.1 col=StreetCollision col=StreetCollision col=StreetCollision pack=9.8/40kg slots=5/12 batteries=3 charge=91 itarget=none aim_dot=1.00 yaw=-167
[bot s3] t=46.3 inventory notice: Photo added (8)
[bot s3] t=46.3 inventory notice: Residential blocks: streetlights are on
[bot s3] t=50.3 hb ph=spine st=2 want=residential cur=residential si=1 sc=55 mr=0 ppos=(7.0, 1.0, 13.0) valid=true in_tree=true finite=true tgt=(8.0, 0.0, 8.0) tdist=5.1 npu=10 near=@CharacterBody3D@619@0.8 col=StreetCollision col=StreetCollision col=StreetCollision pack=9.4/40kg slots=5/12 batteries=3 charge=90 itarget=none aim_dot=1.00 yaw=-11
[bot s3] t=51.3 inventory notice: Photo added (9)
[bot s3] t=51.3 inventory notice: Blueprint applied: upgrade unlocked
[bot s3] t=51.3 inventory notice: Photo added (10)
[bot s3] t=51.3 inventory notice: QUEST COMPLETE: Power the industrial zone (+150 coins)
[bot s3] t=51.3 inventory notice: +300 coins for a district
[bot s3] t=51.3 inventory notice: Residential blocks: district fully restored
[bot s3] t=51.4 residential FULL (51.4s)
[bot s3] t=52.3 inventory notice: Photo added (11)
[bot s3] t=52.4 Travel -> park (map button)
[bot s3] t=55.4 hb ph=spine st=2 want=park cur=park si=2 sc=70 mr=0 ppos=(-3.0, 1.0, -3.0) valid=true in_tree=true finite=true tgt=(8.0, 0.0, 8.0) tdist=15.2 npu=14 col=GroundBody col=GroundBody pack=9.5/40kg slots=5/12 batteries=3 charge=88 itarget=none aim_dot=1.00 yaw=-134
[bot s3] t=60.2 inventory notice: Park: partial power restored
[bot s3] t=60.4 hb ph=spine st=2 want=park cur=park si=2 sc=80 mr=0 ppos=(7.0, 1.0, 6.0) valid=true in_tree=true finite=true tgt=(15.0, 1.0, 9.0) tdist=8.5 npu=14 col=StreetCollision col=StreetCollision col=StreetCollision pack=8.0/40kg slots=4/12 batteries=3 charge=87 itarget=PowerSwitch aim_dot=1.00 yaw=-105
[bot s3] t=63.0 inventory notice: Photo added (12)
[bot s3] t=63.0 inventory notice: QUEST COMPLETE: Find the fuses (+50 coins)
[bot s3] t=63.4 inventory notice: Photo added (13)
[bot s3] t=63.4 inventory notice: DOCUMENT FOUND: Photo: The Feeder
[bot s3] t=64.2 inventory notice: Photo added (14)
[bot s3] t=64.2 inventory notice: Park: streetlights are on
[bot s3] t=65.4 hb ph=spine st=2 want=park cur=park si=2 sc=90 mr=0 ppos=(7.0, 1.0, 9.0) valid=true in_tree=true finite=true tgt=(-12.0, 1.0, 12.0) tdist=19.6 npu=13 col=StreetCollision col=StreetCollision col=StreetCollision pack=8.0/40kg slots=4/12 batteries=3 charge=86 itarget=none aim_dot=1.00 yaw=100
[bot s3] t=66.8 inventory notice: Footsteps behind you. Nobody is there.
[bot s3] t=70.4 hb ph=spine st=2 want=park cur=park si=2 sc=90 mr=0 ppos=(-6.0, 1.0, 11.0) valid=true in_tree=true finite=true tgt=(-12.0, 0.0, 12.0) tdist=6.1 npu=13 col=StreetCollision col=StreetCollision col=StreetCollision pack=8.0/40kg slots=4/12 batteries=3 charge=85 itarget=none aim_dot=1.00 yaw=100
[bot s3] t=75.4 hb ph=spine st=2 want=park cur=park si=2 sc=90 mr=0 ppos=(-3.0, 1.0, 10.0) valid=true in_tree=true finite=true tgt=(8.0, 0.0, 8.0) tdist=11.3 npu=11 col=StreetCollision col=StreetCollision col=StreetCollision pack=14.1/40kg slots=5/12 batteries=3 charge=84 itarget=none aim_dot=1.00 yaw=-78
[bot s3] t=79.0 inventory notice: Photo added (15)
[bot s3] t=79.0 inventory notice: +400 coins for a district
[bot s3] t=79.1 inventory notice: Park: district fully restored
[bot s3] t=79.1 park FULL (79.1s)
[bot s3] t=80.0 inventory notice: Photo added (16)
[bot s3] t=80.1 Travel -> school (map button)
[bot s3] t=80.2 inventory notice: Photo added (17)
[bot s3] t=80.2 inventory notice: QUEST COMPLETE: Explore the old school (+150 coins)
[bot s3] t=80.5 hb ph=spine st=2 want=school cur=school si=3 sc=105 mr=0 ppos=(-8.0, 1.0, -7.0) valid=true in_tree=true finite=true tgt=(-9.0, 1.0, -1.0) tdist=6.8 npu=15 col=StreetCollision col=StreetCollision col=StreetCollision pack=14.6/40kg slots=5/12 batteries=3 charge=83 itarget=none aim_dot=1.00 yaw=177
[bot s3] t=85.5 hb ph=spine st=2 want=school cur=school si=3 sc=105 mr=0 ppos=(-3.0, 1.0, 1.0) valid=true in_tree=true finite=true tgt=(8.0, 0.0, 8.0) tdist=12.8 npu=14 pack=16.1/40kg slots=6/12 batteries=3 charge=82 itarget=none aim_dot=1.00 yaw=-121
[bot s3] t=89.8 inventory notice: School: partial power restored
[bot s3] t=90.5 hb ph=spine st=2 want=school cur=school si=3 sc=115 mr=0 ppos=(7.0, 1.0, 6.0) valid=true in_tree=true finite=true tgt=(9.0, 1.0, 4.0) tdist=2.2 npu=14 col=StreetCollision col=StreetCollision col=StreetCollision pack=14.7/40kg slots=6/12 batteries=3 charge=81 itarget=none aim_dot=1.00 yaw=-49
[bot s3] t=91.0 inventory notice: Photo added (18)
[bot s3] t=91.1 inventory notice: School: streetlights are on
[bot s3] t=94.1 inventory notice: Photo added (19)
[bot s3] t=94.2 inventory notice: +500 coins for a district
[bot s3] t=94.2 inventory notice: School: district fully restored
[bot s3] t=94.2 school FULL (94.2s)
[bot s3] t=95.2 inventory notice: Photo added (20)
[bot s3] t=95.2 Travel -> hospital (map button)
[bot s3] t=95.5 hb ph=spine st=2 want=hospital cur=hospital si=4 sc=140 mr=0 ppos=(-8.0, 1.0, -8.0) valid=true in_tree=true finite=true tgt=(-7.0, 1.0, -3.0) tdist=5.0 npu=15 near=Watcher@4.5 col=StreetCollision col=StreetCollision col=StreetCollision pack=15.1/40kg slots=7/12 batteries=3 charge=80 itarget=none aim_dot=1.00 yaw=-167
[bot s3] t=100.5 hb ph=spine st=2 want=hospital cur=hospital si=4 sc=140 mr=0 ppos=(-1.0, 1.0, 1.0) valid=true in_tree=true finite=true tgt=(8.0, 0.0, 8.0) tdist=11.3 npu=13 near=Crawler@1.0 col=GroundBody col=GroundBody pack=16.6/40kg slots=8/12 batteries=3 charge=78 itarget=none aim_dot=1.00 yaw=-128
[bot s3] t=104.2 inventory notice: Hospital: partial power restored
[bot s3] t=105.2 inventory notice: Photo added (21)
[bot s3] t=105.2 inventory notice: Hospital: streetlights are on
[bot s3] t=105.5 hb ph=spine st=2 want=hospital cur=hospital si=4 sc=160 mr=0 ppos=(7.0, 1.0, 8.0) valid=true in_tree=true finite=true tgt=(-15.0, 1.0, 10.0) tdist=22.1 npu=13 near=Crawler@0.8 col=StreetCollision col=StreetCollision col=StreetCollision pack=14.7/40kg slots=6/12 batteries=3 charge=77 itarget=none aim_dot=1.00 yaw=96
[bot s3] t=105.7 inventory notice: Photo added (22)
[bot s3] t=105.7 inventory notice: DOCUMENT FOUND: Recorder: Grid Crew Log 9
[bot s3] t=110.5 hb ph=spine st=2 want=hospital cur=hospital si=4 sc=160 mr=0 ppos=(-5.0, 1.0, 9.0) valid=true in_tree=true finite=true tgt=(-15.0, 0.0, 10.0) tdist=9.8 npu=13 near=Crawler@1.1 col=StreetCollision col=StreetCollision col=StreetCollision pack=14.7/40kg slots=6/12 batteries=3 charge=76 itarget=none aim_dot=1.00 yaw=96
[bot s3] t=115.5 hb ph=spine st=2 want=hospital cur=hospital si=4 sc=160 mr=0 ppos=(-10.0, 1.0, 9.0) valid=true in_tree=true finite=true tgt=(8.0, 0.0, 8.0) tdist=17.9 npu=12 near=Crawler@0.8 col=StreetCollision col=StreetCollision col=StreetCollision pack=14.8/40kg slots=7/12 batteries=3 charge=75 itarget=none aim_dot=1.00 yaw=-85
[bot s3] t=120.6 hb ph=spine st=2 want=hospital cur=hospital si=4 sc=160 mr=0 ppos=(2.0, 1.0, 8.0) valid=true in_tree=true finite=true tgt=(8.0, 0.0, 8.0) tdist=5.7 npu=12 near=Crawler@1.1 col=StreetCollision col=StreetCollision col=StreetCollision pack=14.8/40kg slots=7/12 batteries=3 charge=74 itarget=none aim_dot=1.00 yaw=-85
[bot s3] t=121.8 inventory notice: Photo added (23)
[bot s3] t=121.9 inventory notice: +600 coins for a district
[bot s3] t=121.9 inventory notice: Hospital: district fully restored
[bot s3] t=121.9 hospital FULL (121.9s)
[bot s3] t=122.9 inventory notice: Photo added (24)
[bot s3] t=122.9 Travel -> gas_station (map button)
[bot s3] t=125.6 hb ph=spine st=2 want=gas_station cur=gas_station si=5 sc=175 mr=0 ppos=(-1.0, 1.0, -9.0) valid=true in_tree=true finite=true tgt=(5.0, 0.0, -10.0) tdist=6.8 npu=14 col=StreetCollision col=StreetCollision col=StreetCollision pack=14.7/40kg slots=6/12 batteries=3 charge=73 itarget=none aim_dot=1.00 yaw=-82
[bot s3] t=130.6 hb ph=spine st=2 want=gas_station cur=gas_station si=5 sc=175 mr=0 ppos=(5.0, 1.0, -3.0) valid=true in_tree=true finite=true tgt=(8.0, 0.0, 8.0) tdist=11.5 npu=13 col=StreetCollision col=StreetCollision col=StreetCollision pack=16.2/40kg slots=7/12 batteries=3 charge=72 itarget=none aim_dot=1.00 yaw=-167
[bot s3] t=134.4 inventory notice: Gas station: partial power restored
[bot s3] t=135.6 hb ph=spine st=2 want=gas_station cur=gas_station si=5 sc=185 mr=0 ppos=(5.0, 1.0, 6.0) valid=true in_tree=true finite=true tgt=(-2.0, 1.0, 6.0) tdist=6.2 npu=12 col=StreetCollision col=StreetCollision col=StreetCollision pack=16.2/40kg slots=7/12 batteries=3 charge=71 itarget=none aim_dot=1.00 yaw=95
[bot s3] t=140.2 inventory notice: Photo added (25)
[bot s3] t=140.2 inventory notice: Gas station: streetlights are on
[bot s3] t=140.6 hb ph=spine st=2 want=gas_station cur=gas_station si=5 sc=195 mr=0 ppos=(6.0, 1.0, 8.0) valid=true in_tree=true finite=true tgt=(9.0, 0.0, 14.0) tdist=6.0 npu=11 col=StreetCollision col=StreetCollision col=StreetCollision pack=16.2/40kg slots=7/12 batteries=3 charge=69 itarget=PowerSwitch aim_dot=1.00 yaw=-153
[bot s3] t=143.5 inventory notice: Photo added (26)
[bot s3] t=143.6 inventory notice: +700 coins for a district
[bot s3] t=143.6 inventory notice: Gas station: district fully restored
[bot s3] t=143.6 gas_station FULL (143.6s)
[bot s3] t=144.6 inventory notice: Photo added (27)
[bot s3] t=144.6 Travel -> police (map button)
[bot s3] t=145.6 hb ph=spine st=2 want=police cur=police si=6 sc=210 mr=0 ppos=(-7.0, 1.0, -7.0) valid=true in_tree=true finite=true tgt=(8.0, 0.0, 8.0) tdist=20.9 npu=18 col=StreetCollision col=StreetCollision col=StreetCollision pack=22.2/40kg slots=7/12 batteries=3 charge=68 itarget=none aim_dot=1.00 yaw=-134
[bot s3] t=150.6 hb ph=spine st=2 want=police cur=police si=6 sc=210 mr=0 ppos=(1.0, 1.0, 1.0) valid=true in_tree=true finite=true tgt=(8.0, 0.0, 8.0) tdist=10.0 npu=18 col=GroundBody col=GroundBody col=GroundBody pack=22.2/40kg slots=7/12 batteries=3 charge=67 itarget=none aim_dot=1.00 yaw=-134
[bot s3] t=154.1 inventory notice: Police station: partial power restored
[bot s3] t=155.6 hb ph=spine st=2 want=police cur=police si=6 sc=220 mr=0 ppos=(7.0, 1.0, 3.0) valid=true in_tree=true finite=true tgt=(9.0, 1.0, -5.0) tdist=8.5 npu=18 col=StreetCollision col=StreetCollision col=StreetCollision pack=20.7/40kg slots=6/12 batteries=3 charge=66 itarget=none aim_dot=1.00 yaw=-12
[bot s3] t=156.8 inventory notice: Photo added (28)
[bot s3] t=156.9 inventory notice: DOCUMENT FOUND: Channel 3: The Voice, On Our Handset
[bot s3] t=158.5 inventory notice: A collapse drew the creatures' attention!
[bot s3] t=160.6 hb ph=spine st=2 want=police cur=police si=6 sc=220 mr=0 ppos=(8.0, 1.0, 0.0) valid=true in_tree=true finite=true tgt=(8.0, 0.0, 8.0) tdist=8.1 npu=17 col=StreetCollision col=StreetCollision col=StreetCollision pack=21.1/40kg slots=7/12 batteries=3 charge=65 itarget=none aim_dot=1.00 yaw=178
[bot s3] t=163.2 inventory notice: Photo added (29)
[bot s3] t=163.2 inventory notice: Police station: streetlights are on
[bot s3] t=164.2 inventory notice: Photo added (30)
[bot s3] t=164.2 inventory notice: +800 coins for a district
[bot s3] t=164.2 inventory notice: Police station: district fully restored
[bot s3] t=164.2 police FULL (164.2s)
[bot s3] t=165.2 inventory notice: Photo added (31)
[bot s3] t=165.2 Travel -> warehouses (map button)
[bot s3] t=165.7 hb ph=spine st=2 want=warehouses cur=warehouses si=7 sc=245 mr=0 ppos=(-8.0, 1.0, -7.0) valid=true in_tree=true finite=true tgt=(-8.0, 1.0, 2.0) tdist=9.4 npu=17 near=Crawler@4.7 col=StreetCollision col=StreetCollision col=StreetCollision pack=20.7/40kg slots=6/12 batteries=3 charge=64 itarget=none aim_dot=1.00 yaw=-179
[bot s3] t=169.3 inventory notice: Photo added (32)
[bot s3] t=169.3 inventory notice: QUEST COMPLETE: Cables (+60 coins)
[bot s3] t=170.7 hb ph=spine st=2 want=warehouses cur=warehouses si=7 sc=245 mr=0 ppos=(-5.0, 1.0, 2.0) valid=true in_tree=true finite=true tgt=(8.0, 0.0, 8.0) tdist=14.4 npu=16 col=StreetCollision col=StreetCollision col=StreetCollision pack=22.2/40kg slots=7/12 batteries=3 charge=63 itarget=none aim_dot=1.00 yaw=-114
[bot s3] t=174.0 inventory notice: Photo added (33)
[bot s3] t=174.0 inventory notice: Blueprint learned: Blueprint: portable bench
[bot s3] t=175.7 hb ph=spine st=2 want=warehouses cur=warehouses si=7 sc=245 mr=0 ppos=(5.0, 1.0, 7.0) valid=true in_tree=true finite=true tgt=(8.0, 0.0, 8.0) tdist=3.6 npu=14 col=StreetCollision col=StreetCollision col=StreetCollision pack=22.7/40kg slots=8/12 batteries=3 charge=62 itarget=none aim_dot=1.00 yaw=-114
[bot s3] t=176.2 inventory notice: Warehouse complex: partial power restored
[bot s3] t=179.6 inventory notice: Photo added (34)
[bot s3] t=179.6 inventory notice: Warehouse complex: streetlights are on
[bot s3] t=180.7 hb ph=spine st=2 want=warehouses cur=warehouses si=7 sc=265 mr=0 ppos=(4.0, 1.0, 10.0) valid=true in_tree=true finite=true tgt=(-7.0, 1.0, 18.0) tdist=14.2 npu=12 col=StreetCollision col=StreetCollision col=StreetCollision pack=22.2/40kg slots=7/12 batteries=3 charge=61 itarget=none aim_dot=1.00 yaw=129
[bot s3] t=182.3 inventory notice: Photo added (35)
[bot s3] t=182.3 inventory notice: DOCUMENT FOUND: Loader's Cassette — Names
[bot s3] t=185.7 hb ph=spine st=2 want=warehouses cur=warehouses si=7 sc=265 mr=0 ppos=(-5.0, 1.0, 16.0) valid=true in_tree=true finite=true tgt=(-7.0, 1.0, 18.0) tdist=3.3 npu=12 col=StreetCollision col=StreetCollision col=StreetCollision pack=22.2/40kg slots=7/12 batteries=3 charge=59 itarget=none aim_dot=1.00 yaw=129
[bot s3] t=190.7 hb ph=spine st=2 want=warehouses cur=warehouses si=7 sc=265 mr=0 ppos=(1.0, 1.0, 13.0) valid=true in_tree=true finite=true tgt=(8.0, 0.0, 8.0) tdist=8.5 npu=11 near=Hunter@1.9 col=StreetCollision col=StreetCollision col=StreetCollision pack=22.3/40kg slots=8/12 batteries=3 charge=58 itarget=none aim_dot=1.00 yaw=-56
[bot s3] t=193.5 inventory notice: Photo added (36)
[bot s3] t=193.5 inventory notice: +900 coins for a district
[bot s3] t=193.5 inventory notice: Warehouse complex: district fully restored
[bot s3] t=193.5 warehouses FULL (193.5s)
[bot s3] t=194.5 inventory notice: Photo added (37)
[bot s3] t=194.5 Travel -> industrial (map button)
[bot s3] t=194.7 inventory notice: Photo added (38)
[bot s3] t=194.7 inventory notice: QUEST COMPLETE: Medkits (+55 coins)
[bot s3] t=194.7 inventory notice: Photo added (39)
[bot s3] t=194.7 inventory notice: QUEST COMPLETE: Find the missing engineers (+120 coins)
[bot s3] t=195.7 hb ph=spine st=2 want=industrial cur=industrial si=8 sc=280 mr=0 ppos=(-5.0, 1.0, -8.0) valid=true in_tree=true finite=true tgt=(0.0, 1.0, -7.0) tdist=5.9 npu=16 col=StreetCollision col=StreetCollision col=StreetCollision pack=23.2/40kg slots=7/12 batteries=3 charge=57 itarget=@Node3D@5816 aim_dot=1.00 yaw=-92
[bot s3] t=200.8 hb ph=spine st=2 want=industrial cur=industrial si=8 sc=280 mr=0 ppos=(2.0, 1.0, -2.0) valid=true in_tree=true finite=true tgt=(8.0, 0.0, 8.0) tdist=12.0 npu=15 col=GroundBody col=GroundBody pack=24.7/40kg slots=8/12 batteries=3 charge=56 itarget=none aim_dot=1.00 yaw=-150
[bot s3] t=205.3 inventory notice: Industrial zone: partial power restored
[bot s3] t=205.8 inventory notice: Photo added (40)
[bot s3] t=205.8 inventory notice: DOCUMENT FOUND: Photo: Workshop B, 23:15
[bot s3] t=205.8 hb ph=spine st=2 want=industrial cur=industrial si=8 sc=290 mr=0 ppos=(7.0, 1.0, 5.0) valid=true in_tree=true finite=true tgt=(8.0, 0.0, 8.0) tdist=2.7 npu=15 col=StreetCollision col=StreetCollision col=StreetCollision pack=23.6/40kg slots=8/12 batteries=3 charge=55 itarget=none aim_dot=1.00 yaw=-170
[bot s3] t=206.3 inventory notice: Photo added (41)
[bot s3] t=206.3 inventory notice: Industrial zone: streetlights are on
[bot s3] t=208.0 inventory notice: Photo added (42)
[bot s3] t=208.1 inventory notice: +1000 coins for a district
[bot s3] t=208.1 inventory notice: Industrial zone: district fully restored
[bot s3] t=208.1 industrial FULL (208.1s)
[bot s3] t=209.1 inventory notice: Photo added (43)
[bot s3] t=209.1 Travel -> substation (map button)
[bot s3] t=210.8 hb ph=spine st=2 want=substation cur=substation si=9 sc=315 mr=0 ppos=(-5.0, 1.0, -9.0) valid=true in_tree=true finite=true tgt=(5.0, 1.0, -12.0) tdist=10.4 npu=13 col=StreetCollision col=StreetCollision col=StreetCollision pack=23.2/40kg slots=7/12 batteries=3 charge=54 itarget=none aim_dot=1.00 yaw=-74
[bot s3] t=215.8 hb ph=spine st=2 want=substation cur=substation si=9 sc=315 mr=0 ppos=(4.0, 1.0, -10.0) valid=true in_tree=true finite=true tgt=(8.0, 0.0, 8.0) tdist=18.6 npu=12 col=StreetCollision col=StreetCollision col=StreetCollision pack=24.7/40kg slots=8/12 batteries=3 charge=53 itarget=none aim_dot=1.00 yaw=-168
[bot s3] t=218.1 inventory notice: Photo added (44)
[bot s3] t=218.1 inventory notice: QUEST COMPLETE: Batteries (+45 coins)
[bot s3] t=220.8 hb ph=spine st=2 want=substation cur=substation si=9 sc=315 mr=0 ppos=(6.0, 1.0, 0.0) valid=true in_tree=true finite=true tgt=(8.0, 0.0, 8.0) tdist=8.3 npu=11 col=StreetCollision col=StreetCollision col=StreetCollision pack=25.0/40kg slots=8/12 batteries=4 charge=52 itarget=none aim_dot=1.00 yaw=-168
[bot s3] t=223.6 inventory notice: Substation: partial power restored
[bot s3] t=225.8 hb ph=spine st=2 want=substation cur=substation si=9 sc=325 mr=0 ppos=(8.0, 1.0, 8.0) valid=true in_tree=true finite=true tgt=(9.0, 1.0, 15.0) tdist=7.6 npu=11 col=Body pack=23.5/40kg slots=7/12 batteries=4 charge=51 itarget=PowerSwitch aim_dot=1.00 yaw=-173
[bot s3] t=230.8 hb ph=spine st=2 want=substation cur=substation si=9 sc=325 mr=0 ppos=(8.0, 1.0, 8.0) valid=true in_tree=true finite=true tgt=(9.0, 1.0, 15.0) tdist=7.6 npu=11 col=Body pack=23.5/40kg slots=7/12 batteries=4 charge=49 itarget=PowerSwitch aim_dot=1.00 yaw=-174
[bot s3] t=235.8 hb ph=spine st=2 want=substation cur=substation si=9 sc=325 mr=0 ppos=(8.0, 1.0, 11.0) valid=true in_tree=true finite=true tgt=(8.0, 0.0, 8.0) tdist=2.9 npu=10 col=StreetCollision col=StreetCollision col=StreetCollision pack=23.9/40kg slots=8/12 batteries=4 charge=48 itarget=PowerSwitch aim_dot=1.00 yaw=4
[bot s3] t=236.0 inventory notice: Photo added (45)
[bot s3] t=236.0 inventory notice: Substation: streetlights are on
[bot s3] t=237.1 inventory notice: Photo added (46)
[bot s3] t=237.1 inventory notice: QUEST COMPLETE: Components (+70 coins)
[bot s3] t=238.1 inventory notice: Photo added (47)
[bot s3] t=238.1 inventory notice: +1100 coins for a district
[bot s3] t=238.1 inventory notice: Substation: district fully restored
[bot s3] t=238.2 substation FULL (238.2s)
[bot s3] t=239.1 inventory notice: Photo added (48)
[bot s3] t=239.1 Travel -> power_station (map button)
[bot s3] t=240.9 hb ph=spine st=2 want=power_station cur=power_station si=10 sc=350 mr=0 ppos=(-10.0, 1.0, -5.0) valid=true in_tree=true finite=true tgt=(-18.0, 1.0, 8.0) tdist=15.4 npu=13 col=StreetCollision col=StreetCollision col=StreetCollision pack=23.5/40kg slots=7/12 batteries=4 charge=47 itarget=none aim_dot=1.00 yaw=149
[bot s3] t=243.1 inventory notice: The lights went out in one of the districts!
[bot s3] t=245.9 hb ph=spine st=2 want=power_station cur=power_station si=10 sc=350 mr=0 ppos=(-15.0, 1.0, 4.0) valid=true in_tree=true finite=true tgt=(-18.0, 1.0, 8.0) tdist=4.7 npu=13 col=GroundBody col=GroundBody col=GroundBody pack=23.5/40kg slots=7/12 batteries=4 charge=46 itarget=none aim_dot=1.00 yaw=149
[bot s3] t=250.9 hb ph=spine st=2 want=power_station cur=power_station si=10 sc=350 mr=0 ppos=(-10.0, 1.0, 7.0) valid=true in_tree=true finite=true tgt=(8.0, 0.0, 8.0) tdist=18.0 npu=12 col=StreetCollision col=StreetCollision col=StreetCollision pack=25.0/40kg slots=8/12 batteries=4 charge=45 itarget=none aim_dot=1.00 yaw=-93
[bot s3] t=255.9 hb ph=spine st=2 want=power_station cur=power_station si=10 sc=350 mr=0 ppos=(0.0, 1.0, 8.0) valid=true in_tree=true finite=true tgt=(8.0, 0.0, 8.0) tdist=7.7 npu=10 col=StreetCollision col=StreetCollision col=StreetCollision pack=26.1/40kg slots=9/12 batteries=4 charge=44 itarget=none aim_dot=1.00 yaw=-93
[bot s3] t=258.5 inventory notice: Power station: partial power restored
[bot s3] t=260.9 hb ph=spine st=2 want=power_station cur=power_station si=10 sc=360 mr=0 ppos=(2.0, 1.0, 11.0) valid=true in_tree=true finite=true tgt=(-7.0, 1.0, 18.0) tdist=11.6 npu=10 near=Watcher@3.5 col=StreetCollision col=StreetCollision col=StreetCollision pack=24.6/40kg slots=8/12 batteries=4 charge=43 itarget=none aim_dot=1.00 yaw=129
[bot s3] t=265.9 hb ph=spine st=2 want=power_station cur=power_station si=10 sc=360 mr=0 ppos=(-6.0, 1.0, 17.0) valid=true in_tree=true finite=true tgt=(8.0, 0.0, 8.0) tdist=17.2 npu=10 col=StreetCollision col=StreetCollision col=StreetCollision pack=25.0/40kg slots=9/12 batteries=4 charge=42 itarget=none aim_dot=1.00 yaw=-56
[bot s3] t=271.0 hb ph=spine st=2 want=power_station cur=power_station si=10 sc=360 mr=0 ppos=(2.0, 1.0, 12.0) valid=true in_tree=true finite=true tgt=(8.0, 0.0, 8.0) tdist=6.8 npu=9 near=Watcher@3.4 col=StreetCollision col=StreetCollision col=StreetCollision pack=25.0/40kg slots=9/12 batteries=4 charge=41 itarget=none aim_dot=1.00 yaw=-56
[bot s3] t=273.0 inventory notice: Photo added (49)
[bot s3] t=273.0 inventory notice: Power station: streetlights are on
[bot s3] t=274.0 inventory notice: Photo added (50)
[bot s3] t=274.1 inventory notice: Return to the power station
[bot s3] t=274.1 inventory notice: +1200 coins for a district
[bot s3] t=274.1 inventory notice: Power station: district fully restored
[bot s3] t=274.1 inventory notice: Photo added (51)
[bot s3] t=274.1 all 11 districts FULL — final night; bot is standing in power_station
[bot s3] t=274.1 finale: engaging the Architect (deadline 240s)
[bot s3] t=274.1 inventory notice: Creature blinded!
[bot s3] t=275.9 hb ph=boss st=2 want=power_station cur=power_station si=10 sc=880 mr=0 ppos=(5.0, 1.0, 11.0) valid=true in_tree=true finite=true tgt=(8.0, 0.0, 8.0) tdist=4.5 npu=9 boss_pos=(3.0, 1.0, 14.0) boss_dist=3.4 boss_hp=800.0/800.0 battery=34.4037037036555 fl_on=true stam=100.0 stun=0.0 atk=none ai=4 near=BossArchitect@3.4 col=StreetCollision col=StreetCollision col=StreetCollision pack=24.5/40kg slots=7/12 batteries=4 charge=34 itarget=none aim_dot=-1.00 yaw=141
[bot s3] t=281.0 hb ph=boss st=2 want=power_station cur=power_station si=10 sc=889 mr=0 ppos=(4.0, 1.0, 13.0) valid=true in_tree=true finite=true tgt=(8.0, 0.0, 8.0) tdist=6.9 npu=9 boss_pos=(3.0, 1.0, 14.0) boss_dist=0.9 boss_hp=781.625/800.0 battery=33.2888888888398 fl_on=true stam=92.4666666666667 stun=0.0 atk=windup ai=4 near=Watcher@3.8 near=BossArchitect@0.9 col=BossArchitect pack=24.5/40kg slots=7/12 batteries=4 charge=33 itarget=none aim_dot=-1.00 yaw=141
[bot s3] t=284.2 inventory notice: Creature blinded!
[bot s3] t=286.0 hb ph=boss st=2 want=power_station cur=power_station si=10 sc=913 mr=0 ppos=(4.0, 1.0, 13.0) valid=true in_tree=true finite=true tgt=(8.0, 0.0, 8.0) tdist=7.0 npu=9 boss_pos=(3.0, 1.0, 14.0) boss_dist=0.9 boss_hp=734.375/800.0 battery=27.1740740740245 fl_on=true stam=96.8666666666668 stun=0.0 atk=none ai=4 near=Watcher@3.8 near=BossArchitect@0.9 col=BossArchitect pack=24.5/40kg slots=7/12 batteries=4 charge=27 itarget=none aim_dot=-1.00 yaw=141
[bot s3] t=291.0 hb ph=boss st=2 want=power_station cur=power_station si=10 sc=933 mr=0 ppos=(4.0, 1.0, 13.0) valid=true in_tree=true finite=true tgt=(8.0, 0.0, 8.0) tdist=7.0 npu=9 boss_pos=(3.0, 1.0, 14.0) boss_dist=0.9 boss_hp=695.0/800.0 battery=26.0592592592098 fl_on=true stam=100.0 stun=0.0 atk=none ai=4 near=Watcher@3.8 near=BossArchitect@0.9 col=BossArchitect pack=24.5/40kg slots=7/12 batteries=4 charge=26 itarget=none aim_dot=-1.00 yaw=141
[bot s3] t=296.0 hb ph=boss st=2 want=power_station cur=power_station si=10 sc=961 mr=0 ppos=(4.0, 1.0, 13.0) valid=true in_tree=true finite=true tgt=(8.0, 0.0, 8.0) tdist=7.0 npu=9 boss_pos=(3.0, 1.0, 14.0) boss_dist=0.9 boss_hp=637.25/800.0 battery=24.9444444443952 fl_on=true stam=99.9 stun=0.0 atk=recovery ai=4 near=Watcher@3.8 near=BossArchitect@0.9 col=BossArchitect pack=24.5/40kg slots=7/12 batteries=4 charge=25 itarget=none aim_dot=-1.00 yaw=138
[bot s3] t=301.0 hb ph=boss st=2 want=power_station cur=power_station si=10 sc=982 mr=0 ppos=(5.0, 1.0, 13.0) valid=true in_tree=true finite=true tgt=(8.0, 0.0, 8.0) tdist=5.9 npu=9 boss_pos=(3.0, 1.0, 14.0) boss_dist=2.4 boss_hp=595.25/800.0 battery=23.8296296295806 fl_on=true stam=91.7000000000001 stun=0.0 atk=none ai=4 near=BossArchitect@2.4 col=StreetCollision col=StreetCollision col=StreetCollision pack=24.5/40kg slots=7/12 batteries=4 charge=24 itarget=none aim_dot=-0.76 yaw=112
[bot s3] t=306.0 hb ph=boss st=2 want=power_station cur=power_station si=10 sc=1009 mr=0 ppos=(4.0, 1.0, 13.0) valid=true in_tree=true finite=true tgt=(8.0, 0.0, 8.0) tdist=6.9 npu=9 boss_pos=(3.0, 1.0, 14.0) boss_dist=1.2 boss_hp=542.75/800.0 battery=22.7148148147659 fl_on=true stam=96.5000000000001 stun=0.0 atk=windup ai=4 near=Watcher@3.8 near=BossArchitect@1.2 col=GroundBody col=GroundBody col=GroundBody pack=24.5/40kg slots=7/12 batteries=4 charge=23 itarget=none aim_dot=-1.00 yaw=142
[bot s3] t=308.8 inventory notice: Power surge — the flashlight flickered!
[bot s3] t=311.1 hb ph=boss st=2 want=power_station cur=power_station si=10 sc=1024 mr=0 ppos=(3.0, 1.0, 12.0) valid=true in_tree=true finite=true tgt=(8.0, 0.0, 8.0) tdist=6.5 npu=9 boss_pos=(1.0, 1.0, 17.0) boss_dist=5.1 boss_hp=511.25/800.0 battery=21.5999999999513 fl_on=true stam=91.3000000000001 stun=0.0 atk=none ai=4 near=Watcher@3.7 col=StreetCollision col=StreetCollision col=StreetCollision pack=24.5/40kg slots=7/12 batteries=4 charge=22 itarget=none aim_dot=-0.89 yaw=157
[bot s3] t=312.0 inventory notice: Photo added (52)
[bot s3] t=316.1 hb ph=boss st=2 want=power_station cur=power_station si=10 sc=1030 mr=0 ppos=(2.0, 1.0, 15.0) valid=true in_tree=true finite=true tgt=(8.0, 0.0, 8.0) tdist=9.3 npu=10 boss_pos=(-1.0, 1.0, 20.0) boss_dist=5.6 boss_hp=500.75/800.0 battery=20.4851851851367 fl_on=true stam=88.6333333333334 stun=0.0 atk=recovery ai=4 near=Watcher@2.1 col=GroundBody col=GroundBody col=GroundBody pack=24.5/40kg slots=7/12 batteries=4 charge=20 itarget=none aim_dot=-0.98 yaw=148
[bot s3] t=318.3 inventory notice: Creature blinded!
[bot s3] t=321.1 hb ph=boss st=2 want=power_station cur=power_station si=10 sc=1039 mr=0 ppos=(0.0, 1.0, 17.0) valid=true in_tree=true finite=true tgt=(8.0, 0.0, 8.0) tdist=12.3 npu=12 boss_pos=(-3.0, 1.0, 22.0) boss_dist=5.2 boss_hp=482.375/800.0 battery=49.3703703703214 fl_on=true stam=79.5333333333334 stun=0.0 atk=active ai=4 near=Watcher@3.6 col=GroundBody col=GroundBody col=GroundBody pack=24.2/40kg slots=7/12 batteries=3 charge=49 itarget=none aim_dot=-1.00 yaw=145
[bot s3] t=325.2 inventory notice: Photo added (53)
[bot s3] t=325.3 inventory notice: QUEST COMPLETE: No escape for shadows (+70 coins)
[bot s3] t=326.1 hb ph=boss st=2 want=power_station cur=power_station si=10 sc=1059 mr=0 ppos=(-3.0, 1.0, 22.0) valid=true in_tree=true finite=true tgt=(8.0, 0.0, 8.0) tdist=17.5 npu=13 boss_pos=(-3.0, 1.0, 22.0) boss_dist=0.9 boss_hp=443.0/800.0 battery=48.2555555555057 fl_on=true stam=94.1 stun=0.0 atk=windup ai=4 near=BossArchitect@0.9 near=BossMinion2@3.7 col=StreetCollision col=BossArchitect pack=24.2/40kg slots=7/12 batteries=3 charge=48 itarget=none aim_dot=-1.00 yaw=145
[bot s3] t=328.4 inventory notice: Creature blinded!
[bot s3] t=331.1 hb ph=boss st=2 want=power_station cur=power_station si=10 sc=1077 mr=0 ppos=(-4.0, 1.0, 23.0) valid=true in_tree=true finite=true tgt=(8.0, 0.0, 8.0) tdist=18.7 npu=14 boss_pos=(-5.0, 1.0, 25.0) boss_dist=2.7 boss_hp=406.25/800.0 battery=42.14074074069 fl_on=true stam=99.2 stun=0.0 atk=recovery ai=4 near=BossArchitect@2.7 near=BossMinion2@3.0 col=StreetCollision col=StreetCollision col=StreetCollision pack=24.2/40kg slots=7/12 batteries=3 charge=42 itarget=none aim_dot=-1.00 yaw=145
[bot s3] t=336.1 hb ph=boss st=2 want=power_station cur=power_station si=10 sc=1098 mr=0 ppos=(-4.0, 1.0, 23.0) valid=true in_tree=true finite=true tgt=(8.0, 0.0, 8.0) tdist=19.0 npu=14 boss_pos=(-6.0, 1.0, 25.0) boss_dist=3.1 boss_hp=364.25/800.0 battery=41.0259259258743 fl_on=true stam=77.0333333333334 stun=0.0 atk=none ai=4 near=BossArchitect@3.1 near=BossMinion2@2.9 col=StreetCollision col=StreetCollision col=StreetCollision pack=24.2/40kg slots=7/12 batteries=3 charge=41 itarget=none aim_dot=-1.00 yaw=145
[bot s3] t=341.2 hb ph=boss st=2 want=power_station cur=power_station si=10 sc=1102 mr=0 ppos=(-4.0, 1.0, 23.0) valid=true in_tree=true finite=true tgt=(8.0, 0.0, 8.0) tdist=18.9 npu=16 boss_pos=(-7.0, 1.0, 27.0) boss_dist=4.9 boss_hp=356.375/800.0 battery=34.9111111110586 fl_on=true stam=84.7666666666668 stun=0.0 atk=none ai=4 near=BossArchitect@4.9 col=StreetCollision col=StreetCollision col=StreetCollision pack=24.2/40kg slots=7/12 batteries=3 charge=35 itarget=none aim_dot=-1.00 yaw=145
[bot s3] t=345.4 inventory notice: +100 coins for an achievement
[bot s3] t=346.2 hb ph=boss st=2 want=power_station cur=power_station si=10 sc=1122 mr=0 ppos=(-8.0, 1.0, 28.0) valid=true in_tree=true finite=true tgt=(8.0, 0.0, 8.0) tdist=25.6 npu=18 boss_pos=(-8.0, 1.0, 29.0) boss_dist=0.9 boss_hp=317.0/800.0 battery=33.7962962962429 fl_on=true stam=97.6 stun=0.0 atk=windup ai=4 near=BossArchitect@0.9 near=BossMinion4@4.2 col=StreetCollision pack=24.2/40kg slots=7/12 batteries=3 charge=34 itarget=none aim_dot=-0.94 yaw=162
[bot s3] t=348.8 inventory notice: Creature blinded!
[bot s3] t=351.2 hb ph=boss st=2 want=power_station cur=power_station si=10 sc=1137 mr=0 ppos=(-9.0, 1.0, 30.0) valid=true in_tree=true finite=true tgt=(8.0, 0.0, 8.0) tdist=27.6 npu=18 boss_pos=(-10.0, 1.0, 31.0) boss_dist=2.0 boss_hp=285.5/800.0 battery=27.6814814814277 fl_on=true stam=91.8333333333334 stun=0.0 atk=windup ai=4 near=BossArchitect@2.0 near=BossMinion4@2.8 col=GroundBody col=GroundBody col=GroundBody pack=24.2/40kg slots=7/12 batteries=3 charge=28 itarget=none aim_dot=-0.99 yaw=135
[bot s3] t=356.2 hb ph=boss st=2 want=power_station cur=power_station si=10 sc=1166 mr=0 ppos=(-10.0, 1.0, 31.0) valid=true in_tree=true finite=true tgt=(8.0, 0.0, 8.0) tdist=29.4 npu=16 boss_pos=(-11.0, 1.0, 31.0) boss_dist=0.9 boss_hp=227.75/800.0 battery=26.5666666666131 fl_on=true stam=99.4333333333334 stun=0.0 atk=recovery ai=4 near=BossArchitect@0.9 near=BossMinion4@1.9 col=GroundBody col=BossArchitect pack=30.5/40kg slots=8/12 batteries=4 charge=27 itarget=none aim_dot=-0.86 yaw=111
[bot s3] t=361.2 hb ph=boss st=2 want=power_station cur=power_station si=10 sc=1190 mr=0 ppos=(-7.0, 1.0, 29.0) valid=true in_tree=true finite=true tgt=(8.0, 0.0, 8.0) tdist=25.9 npu=16 boss_pos=(-7.0, 1.0, 30.0) boss_dist=0.9 boss_hp=180.5/800.0 battery=25.4518518517985 fl_on=true stam=97.8 stun=0.0 atk=windup ai=4 near=BossArchitect@0.9 col=GroundBody col=GroundBody col=BossArchitect col=GroundBody pack=29.5/40kg slots=8/12 batteries=4 charge=25 itarget=none aim_dot=-0.97 yaw=130
[bot s3] t=366.2 hb ph=boss st=2 want=power_station cur=power_station si=10 sc=1219 mr=0 ppos=(-3.0, 1.0, 26.0) valid=true in_tree=true finite=true tgt=(8.0, 0.0, 8.0) tdist=21.1 npu=16 boss_pos=(-5.0, 1.0, 27.0) boss_dist=2.2 boss_hp=122.75/800.0 battery=24.3370370369838 fl_on=true stam=79.3000000000001 stun=0.0 atk=windup ai=4 near=BossArchitect@2.2 near=BossMinion3@3.0 col=StreetCollision col=StreetCollision col=StreetCollision pack=27.5/40kg slots=8/12 batteries=4 charge=24 itarget=none aim_dot=-0.92 yaw=126
[bot s3] t=371.3 hb ph=boss st=2 want=power_station cur=power_station si=10 sc=1249 mr=0 ppos=(-3.0, 1.0, 27.0) valid=true in_tree=true finite=true tgt=(8.0, 0.0, 8.0) tdist=21.9 npu=16 boss_pos=(-4.0, 1.0, 27.0) boss_dist=0.9 boss_hp=62.375/800.0 battery=23.2222222221692 fl_on=true stam=100.0 stun=0.0 atk=recovery ai=4 near=BossArchitect@0.9 near=BossMinion3@3.3 col=StreetCollision col=BossArchitect pack=26.5/40kg slots=7/12 batteries=4 charge=23 itarget=none aim_dot=-0.85 yaw=117
[bot s3] t=372.7 revived after death (0 total)
[bot s3] t=376.3 hb ph=boss st=2 want=power_station cur=power_station si=10 sc=1262 mr=0 ppos=(0.0, 1.0, 24.0) valid=true in_tree=true finite=true tgt=(8.0, 0.0, 8.0) tdist=17.7 npu=16 boss_pos=(-1.0, 1.0, 24.0) boss_dist=0.9 boss_hp=36.125/800.0 battery=22.1999999999471 fl_on=true stam=87.4000000000001 stun=0.0 atk=windup ai=4 near=BossArchitect@0.9 near=BossMinion3@4.3 col=BossArchitect pack=26.5/40kg slots=7/12 batteries=4 charge=22 itarget=none aim_dot=-0.80 yaw=116
[bot s3] t=378.0 revived after death (0 total)
[bot s3] t=378.7 inventory notice: A collapse drew the creatures' attention!
[bot s3] t=380.9 inventory notice: Photo added (54)
[bot s3] t=380.9 WIN ending fired
[bot s3] ── RUN SUMMARY ──────────────────────────────
[bot s3]   result       : WIN
[bot s3]   wall time    : 380.9s
[bot s3]   districts FULL: 11/11
[bot s3]   deaths       : 0
[bot s3]   coins earned : 8895 (wallet 8895)
[bot s3]   nudges       : 16 (>1 means the win leaned on nudge rescues, not clean nav — docs/REDTEAM_CHALLENGE.md TG-PLAY)
[bot s3]   onboarding   : first_interactable=22.9 first_secret_hint=10.2 first_secret_found=-1.0 first_district_full=25.0
[bot s3]   stage timeline: suburbs:0@5.2, suburbs:1@22.9, suburbs:2@23.9, suburbs:3@25.0, residential:0@26.2, residential:1@40.1, residential:2@46.3, residential:3@51.4, park:0@52.5, park:1@60.2, park:2@64.2, park:3@79.1, school:0@80.2, school:1@89.8, school:2@91.1, school:3@94.2, hospital:0@95.3, hospital:1@104.2, hospital:2@105.2, hospital:3@121.9, gas_station:0@123.0, gas_station:1@134.4, gas_station:2@140.3, gas_station:3@143.6, police:0@144.7, police:1@154.1, police:2@163.2, police:3@164.2, warehouses:0@165.3, warehouses:1@176.2, warehouses:2@179.6, warehouses:3@193.5, industrial:0@194.6, industrial:1@205.4, industrial:2@206.4, industrial:3@208.1, substation:0@209.2, substation:1@223.6, substation:2@236.0, substation:3@238.2, power_station:0@239.2, power_station:1@258.5, power_station:2@273.1
[bot s3]   part economy : suburbs stage 0->1 @t=22.9 | suburbs stage 1->2 @t=23.9 | suburbs stage 2->3 @t=24.9 | residential stage 0->1 @t=40.0 | residential stage 1->2 @t=46.3 | residential stage 2->3 @t=51.4 | park stage 0->1 @t=60.2 | park stage 1->2 @t=64.2 | park stage 2->3 @t=79.1 | school stage 0->1 @t=89.8 | school stage 1->2 @t=91.1 | school stage 2->3 @t=94.2 | hospital stage 0->1 @t=104.2 | hospital stage 1->2 @t=105.2 | hospital stage 2->3 @t=121.9 | gas_station stage 0->1 @t=134.4 | gas_station stage 1->2 @t=140.2 | gas_station stage 2->3 @t=143.6 | police stage 0->1 @t=154.1 | police stage 1->2 @t=163.2 | police stage 2->3 @t=164.2 | warehouses stage 0->1 @t=176.2 | warehouses stage 1->2 @t=179.6 | warehouses stage 2->3 @t=193.5 | industrial stage 0->1 @t=205.3 | industrial stage 1->2 @t=206.4 | industrial stage 2->3 @t=208.1 | substation stage 0->1 @t=223.6 | substation stage 1->2 @t=236.0 | substation stage 2->3 @t=238.2 | power_station stage 0->1 @t=258.5 | power_station stage 1->2 @t=273.0
[bot s3] ── END ──────────────────────────────────────
ERROR: 3 RID allocations of type 'PN13RendererDummy14TextureStorage12DummyTextureE' were leaked at exit.
ERROR: 12 RID allocations of type 'PN18TextServerAdvanced22ShapedTextDataAdvancedE' were leaked at exit.
ERROR: 2 RID allocations of type 'PN18TextServerAdvanced12FontAdvancedE' were leaked at exit.
WARNING: 6 RIDs of type "CanvasItem" were leaked.
   at: _free_rids (servers/rendering/renderer_canvas_cull.cpp:2735)
WARNING: 74 ObjectDB instances were leaked at exit (run with `--verbose` for details).
   at: cleanup (core/object/object.cpp:2535)
ERROR: 7 resources still in use at exit (run with --verbose for details).
   at: clear (core/io/resource.cpp:822)
