Godot Engine v4.7.stable.official.5b4e0cb0f - https://godotengine.org

[bot s3] t=3.2 inventory notice: Photo added (1)
[bot s3] t=5.2 New Game stable, player at (-8.0, 1.0, -8.0)
[bot s3] t=10.2 inventory notice: Photo added (2)
[bot s3] t=10.2 inventory notice: DOCUMENT FOUND: Photo: Barbecue on Maple Row
[bot s3] t=10.2 hb ph=spine st=2 want=suburbs cur=suburbs si=0 sc=0 mr=0 ppos=(-4.0, 1.0, -11.0) valid=true in_tree=true finite=true tgt=(8.0, 0.0, 8.0) tdist=22.1 npu=10 near=@CharacterBody3D@181@1.3 col=StreetCollision col=StreetCollision col=StreetCollision pack=2.9/40kg slots=3/12 batteries=0 charge=98 itarget=none aim_dot=1.00 yaw=-147
[bot s3] t=15.2 hb ph=spine st=2 want=suburbs cur=suburbs si=0 sc=0 mr=0 ppos=(7.0, 1.0, -5.0) valid=true in_tree=true finite=true tgt=(8.0, 0.0, -3.0) tdist=1.5 npu=10 near=@CharacterBody3D@181@1.4 col=StreetCollision col=StreetCollision col=StreetCollision pack=2.9/40kg slots=3/12 batteries=0 charge=97 itarget=none aim_dot=1.00 yaw=-155
[bot s3] t=20.2 hb ph=spine st=2 want=suburbs cur=suburbs si=0 sc=0 mr=0 ppos=(13.0, 1.0, 4.0) valid=true in_tree=true finite=true tgt=(15.0, 1.0, 9.0) tdist=4.8 npu=8 near=Crawler@4.1 near=@CharacterBody3D@181@1.9 col=StreetCollision col=StreetCollision col=StreetCollision pack=3.5/40kg slots=4/12 batteries=2 charge=96 itarget=none aim_dot=1.00 yaw=-152
[bot s3] t=22.9 inventory notice: Suburbs: partial power restored
[bot s3] t=23.9 inventory notice: Photo added (3)
[bot s3] t=23.9 inventory notice: Suburbs: streetlights are on
[bot s3] t=24.9 inventory notice: Photo added (4)
[bot s3] t=24.9 inventory notice: Photo added (5)
[bot s3] t=24.9 inventory notice: Photo added (6)
[bot s3] t=24.9 inventory notice: QUEST COMPLETE: Restart the residential substation (+100 coins)
[bot s3] t=24.9 inventory notice: +200 coins for a district
[bot s3] t=24.9 inventory notice: Suburbs: district fully restored
[bot s3] t=25.0 suburbs FULL (25.0s)
[bot s3] t=25.2 hb ph=spine st=2 want=residential cur=suburbs si=1 sc=35 mr=0 ppos=(8.0, 1.0, 8.0) valid=true in_tree=true finite=true tgt=(8.0, 0.0, 8.0) tdist=-1.0 npu=6 near=Crawler@0.8 near=@CharacterBody3D@181@0.8 col=Body col=StreetCollision pack=1.9/40kg slots=2/12 batteries=3 charge=95 itarget=none aim_dot=0.98 yaw=145
[bot s3] t=26.0 inventory notice: Photo added (7)
[bot s3] t=26.0 Travel -> residential (map button)
[bot s3] t=30.2 hb ph=spine st=2 want=residential cur=residential si=1 sc=35 mr=0 ppos=(-14.0, 1.0, 3.0) valid=true in_tree=true finite=true tgt=(-17.0, 1.0, 9.0) tdist=6.4 npu=15 col=GroundBody col=GroundBody col=GroundBody pack=1.9/40kg slots=2/12 batteries=3 charge=94 itarget=none aim_dot=1.00 yaw=151
[bot s3] t=35.3 hb ph=spine st=2 want=residential cur=residential si=1 sc=35 mr=0 ppos=(-7.0, 1.0, 8.0) valid=true in_tree=true finite=true tgt=(8.0, 0.0, 8.0) tdist=15.2 npu=14 near=@CharacterBody3D@619@1.4 col=StreetCollision col=StreetCollision col=StreetCollision pack=3.4/40kg slots=3/12 batteries=3 charge=93 itarget=none aim_dot=1.00 yaw=-91
[bot s3] t=40.0 inventory notice: Residential blocks: partial power restored
[bot s3] t=40.3 hb ph=spine st=2 want=residential cur=residential si=1 sc=45 mr=0 ppos=(6.0, 1.0, 7.0) valid=true in_tree=true finite=true tgt=(6.0, 1.0, -3.0) tdist=10.0 npu=13 near=@CharacterBody3D@619@1.3 col=StreetCollision col=StreetCollision col=StreetCollision pack=7.9/40kg slots=3/12 batteries=3 charge=92 itarget=none aim_dot=1.00 yaw=-2
[bot s3] t=45.3 hb ph=spine st=2 want=residential cur=residential si=1 sc=45 mr=0 ppos=(7.0, 1.0, 3.0) valid=true in_tree=true finite=true tgt=(8.0, 0.0, 8.0) tdist=5.0 npu=12 near=@CharacterBody3D@619@1.1 near=@CharacterBody3D@627@4.9 col=StreetCollision col=StreetCollision col=StreetCollision pack=9.8/40kg slots=5/12 batteries=3 charge=91 itarget=none aim_dot=1.00 yaw=-167
[bot s3] t=46.2 inventory notice: Photo added (8)
[bot s3] t=46.3 inventory notice: Residential blocks: streetlights are on
[bot s3] t=50.3 hb ph=spine st=2 want=residential cur=residential si=1 sc=55 mr=0 ppos=(7.0, 1.0, 13.0) valid=true in_tree=true finite=true tgt=(8.0, 0.0, 8.0) tdist=5.0 npu=10 near=@CharacterBody3D@619@0.8 near=@CharacterBody3D@627@1.3 col=StreetCollision col=StreetCollision col=StreetCollision pack=9.4/40kg slots=5/12 batteries=3 charge=90 itarget=none aim_dot=1.00 yaw=-11
[bot s3] t=51.2 inventory notice: Photo added (9)
[bot s3] t=51.3 inventory notice: Blueprint applied: upgrade unlocked
[bot s3] t=51.3 inventory notice: Photo added (10)
[bot s3] t=51.3 inventory notice: QUEST COMPLETE: Power the industrial zone (+150 coins)
[bot s3] t=51.3 inventory notice: +300 coins for a district
[bot s3] t=51.3 inventory notice: Residential blocks: district fully restored
[bot s3] t=51.3 residential FULL (51.3s)
[bot s3] t=52.3 inventory notice: Photo added (11)
[bot s3] t=52.3 Travel -> park (map button)
[bot s3] t=55.3 hb ph=spine st=2 want=park cur=park si=2 sc=70 mr=0 ppos=(-3.0, 1.0, -3.0) valid=true in_tree=true finite=true tgt=(8.0, 0.0, 8.0) tdist=15.1 npu=14 col=GroundBody col=GroundBody pack=9.5/40kg slots=5/12 batteries=3 charge=88 itarget=none aim_dot=1.00 yaw=-134
[bot s3] t=60.1 inventory notice: Park: partial power restored
[bot s3] t=60.3 hb ph=spine st=2 want=park cur=park si=2 sc=80 mr=0 ppos=(7.0, 1.0, 6.0) valid=true in_tree=true finite=true tgt=(15.0, 1.0, 9.0) tdist=8.4 npu=14 col=StreetCollision col=StreetCollision col=StreetCollision pack=8.0/40kg slots=4/12 batteries=3 charge=87 itarget=PowerSwitch aim_dot=1.00 yaw=-105
[bot s3] t=63.0 inventory notice: Photo added (12)
[bot s3] t=63.0 inventory notice: QUEST COMPLETE: Find the fuses (+50 coins)
[bot s3] t=63.4 inventory notice: Photo added (13)
[bot s3] t=63.4 inventory notice: DOCUMENT FOUND: Photo: The Feeder
[bot s3] t=64.1 inventory notice: Photo added (14)
[bot s3] t=64.2 inventory notice: Park: streetlights are on
[bot s3] t=65.3 hb ph=spine st=2 want=park cur=park si=2 sc=90 mr=0 ppos=(7.0, 1.0, 9.0) valid=true in_tree=true finite=true tgt=(-12.0, 1.0, 12.0) tdist=19.6 npu=13 col=StreetCollision col=StreetCollision col=StreetCollision pack=8.0/40kg slots=4/12 batteries=3 charge=86 itarget=none aim_dot=1.00 yaw=100
[bot s3] t=70.4 hb ph=spine st=2 want=park cur=park si=2 sc=90 mr=0 ppos=(-6.0, 1.0, 11.0) valid=true in_tree=true finite=true tgt=(-12.0, 0.0, 12.0) tdist=6.1 npu=13 col=StreetCollision col=StreetCollision col=StreetCollision pack=8.0/40kg slots=4/12 batteries=3 charge=85 itarget=none aim_dot=1.00 yaw=100
[bot s3] t=75.4 hb ph=spine st=2 want=park cur=park si=2 sc=90 mr=0 ppos=(-3.0, 1.0, 10.0) valid=true in_tree=true finite=true tgt=(8.0, 0.0, 8.0) tdist=11.3 npu=11 col=StreetCollision col=StreetCollision col=StreetCollision pack=14.1/40kg slots=5/12 batteries=3 charge=84 itarget=none aim_dot=1.00 yaw=-78
[bot s3] t=77.7 inventory notice: Power surge — the flashlight flickered!
[bot s3] t=78.9 inventory notice: Photo added (15)
[bot s3] t=78.9 inventory notice: +400 coins for a district
[bot s3] t=79.0 inventory notice: Park: district fully restored
[bot s3] t=79.0 park FULL (79.0s)
[bot s3] t=79.9 inventory notice: Photo added (16)
[bot s3] t=79.9 Travel -> school (map button)
[bot s3] t=80.1 inventory notice: Photo added (17)
[bot s3] t=80.1 inventory notice: QUEST COMPLETE: Explore the old school (+150 coins)
[bot s3] t=80.4 hb ph=spine st=2 want=school cur=school si=3 sc=105 mr=0 ppos=(-8.0, 1.0, -7.0) valid=true in_tree=true finite=true tgt=(-9.0, 1.0, -1.0) tdist=6.7 npu=15 col=StreetCollision col=StreetCollision col=StreetCollision pack=14.6/40kg slots=5/12 batteries=3 charge=83 itarget=none aim_dot=1.00 yaw=177
[bot s3] t=85.4 hb ph=spine st=2 want=school cur=school si=3 sc=105 mr=0 ppos=(-3.0, 1.0, 2.0) valid=true in_tree=true finite=true tgt=(8.0, 0.0, 8.0) tdist=12.6 npu=14 col=GroundBody col=GroundBody pack=16.1/40kg slots=6/12 batteries=3 charge=82 itarget=none aim_dot=1.00 yaw=-121
[bot s3] t=89.6 inventory notice: School: partial power restored
[bot s3] t=90.4 hb ph=spine st=2 want=school cur=school si=3 sc=115 mr=0 ppos=(7.0, 1.0, 5.0) valid=true in_tree=true finite=true tgt=(9.0, 1.0, 4.0) tdist=2.0 npu=13 col=StreetCollision col=StreetCollision col=StreetCollision pack=14.7/40kg slots=6/12 batteries=3 charge=81 itarget=none aim_dot=1.00 yaw=-50
[bot s3] t=90.9 inventory notice: Photo added (18)
[bot s3] t=90.9 inventory notice: School: streetlights are on
[bot s3] t=94.0 inventory notice: Photo added (19)
[bot s3] t=94.1 inventory notice: +500 coins for a district
[bot s3] t=94.1 inventory notice: School: district fully restored
[bot s3] t=94.1 school FULL (94.1s)
[bot s3] t=95.1 inventory notice: Photo added (20)
[bot s3] t=95.1 Travel -> hospital (map button)
[bot s3] t=95.4 hb ph=spine st=2 want=hospital cur=hospital si=4 sc=140 mr=0 ppos=(-8.0, 1.0, -7.0) valid=true in_tree=true finite=true tgt=(-7.0, 1.0, -3.0) tdist=4.9 npu=14 near=Watcher@4.7 col=StreetCollision col=StreetCollision col=StreetCollision pack=15.1/40kg slots=7/12 batteries=3 charge=80 itarget=none aim_dot=1.00 yaw=-167
[bot s3] t=100.4 hb ph=spine st=2 want=hospital cur=hospital si=4 sc=140 mr=0 ppos=(-1.0, 1.0, 1.0) valid=true in_tree=true finite=true tgt=(8.0, 0.0, 8.0) tdist=11.1 npu=13 near=Crawler@0.9 col=GroundBody col=GroundBody col=GroundBody pack=16.6/40kg slots=8/12 batteries=3 charge=78 itarget=none aim_dot=1.00 yaw=-128
[bot s3] t=104.1 inventory notice: Hospital: partial power restored
[bot s3] t=105.1 inventory notice: Photo added (21)
[bot s3] t=105.1 inventory notice: Hospital: streetlights are on
[bot s3] t=105.4 hb ph=spine st=2 want=hospital cur=hospital si=4 sc=160 mr=0 ppos=(7.0, 1.0, 8.0) valid=true in_tree=true finite=true tgt=(-15.0, 1.0, 10.0) tdist=21.9 npu=13 near=Crawler@0.8 col=StreetCollision col=StreetCollision col=StreetCollision pack=14.7/40kg slots=6/12 batteries=3 charge=77 itarget=none aim_dot=1.00 yaw=96
[bot s3] t=105.6 inventory notice: Photo added (22)
[bot s3] t=105.6 inventory notice: DOCUMENT FOUND: Recorder: Grid Crew Log 9
[bot s3] t=110.5 hb ph=spine st=2 want=hospital cur=hospital si=4 sc=160 mr=0 ppos=(-5.0, 1.0, 9.0) valid=true in_tree=true finite=true tgt=(-15.0, 0.0, 10.0) tdist=9.6 npu=13 near=Crawler@1.1 col=StreetCollision col=StreetCollision col=StreetCollision pack=14.7/40kg slots=6/12 batteries=3 charge=76 itarget=none aim_dot=1.00 yaw=96
[bot s3] t=115.5 hb ph=spine st=2 want=hospital cur=hospital si=4 sc=160 mr=0 ppos=(-10.0, 1.0, 9.0) valid=true in_tree=true finite=true tgt=(8.0, 0.0, 8.0) tdist=17.7 npu=12 near=Crawler@0.8 col=StreetCollision col=StreetCollision col=StreetCollision pack=14.8/40kg slots=7/12 batteries=3 charge=75 itarget=none aim_dot=1.00 yaw=-85
[bot s3] t=120.5 hb ph=spine st=2 want=hospital cur=hospital si=4 sc=160 mr=0 ppos=(3.0, 1.0, 8.0) valid=true in_tree=true finite=true tgt=(8.0, 0.0, 8.0) tdist=5.5 npu=12 near=Crawler@1.1 col=StreetCollision col=StreetCollision col=StreetCollision pack=14.8/40kg slots=7/12 batteries=3 charge=74 itarget=none aim_dot=1.00 yaw=-85
[bot s3] t=121.7 inventory notice: Photo added (23)
[bot s3] t=121.7 inventory notice: +600 coins for a district
[bot s3] t=121.7 inventory notice: Hospital: district fully restored
[bot s3] t=121.7 hospital FULL (121.7s)
[bot s3] t=122.7 inventory notice: Photo added (24)
[bot s3] t=122.7 Travel -> gas_station (map button)
[bot s3] t=125.5 hb ph=spine st=2 want=gas_station cur=gas_station si=5 sc=175 mr=0 ppos=(-1.0, 1.0, -9.0) valid=true in_tree=true finite=true tgt=(5.0, 0.0, -10.0) tdist=6.6 npu=14 col=StreetCollision col=StreetCollision col=StreetCollision pack=14.7/40kg slots=6/12 batteries=3 charge=73 itarget=none aim_dot=1.00 yaw=-82
[bot s3] t=130.5 hb ph=spine st=2 want=gas_station cur=gas_station si=5 sc=175 mr=0 ppos=(5.0, 1.0, -3.0) valid=true in_tree=true finite=true tgt=(8.0, 0.0, 8.0) tdist=11.3 npu=13 col=StreetCollision col=StreetCollision col=StreetCollision pack=16.2/40kg slots=7/12 batteries=3 charge=72 itarget=none aim_dot=1.00 yaw=-167
[bot s3] t=134.2 inventory notice: Gas station: partial power restored
[bot s3] t=135.5 hb ph=spine st=2 want=gas_station cur=gas_station si=5 sc=185 mr=0 ppos=(4.0, 1.0, 6.0) valid=true in_tree=true finite=true tgt=(-2.0, 1.0, 6.0) tdist=6.0 npu=12 col=StreetCollision col=StreetCollision col=StreetCollision pack=16.2/40kg slots=7/12 batteries=3 charge=71 itarget=none aim_dot=1.00 yaw=95
[bot s3] t=140.0 inventory notice: Photo added (25)
[bot s3] t=140.1 inventory notice: Gas station: streetlights are on
[bot s3] t=140.5 hb ph=spine st=2 want=gas_station cur=gas_station si=5 sc=195 mr=0 ppos=(6.0, 1.0, 8.0) valid=true in_tree=true finite=true tgt=(9.0, 0.0, 14.0) tdist=5.8 npu=11 col=StreetCollision col=StreetCollision col=StreetCollision pack=16.2/40kg slots=7/12 batteries=3 charge=69 itarget=none aim_dot=1.00 yaw=-153
[bot s3] t=143.4 inventory notice: Photo added (26)
[bot s3] t=143.4 inventory notice: +700 coins for a district
[bot s3] t=143.4 inventory notice: Gas station: district fully restored
[bot s3] t=143.5 gas_station FULL (143.5s)
[bot s3] t=144.4 inventory notice: Photo added (27)
[bot s3] t=144.4 Travel -> police (map button)
[bot s3] t=145.5 hb ph=spine st=2 want=police cur=police si=6 sc=210 mr=0 ppos=(-7.0, 1.0, -6.0) valid=true in_tree=true finite=true tgt=(8.0, 0.0, 8.0) tdist=20.6 npu=18 col=StreetCollision col=StreetCollision col=StreetCollision pack=22.2/40kg slots=7/12 batteries=3 charge=69 itarget=none aim_dot=1.00 yaw=-135
[bot s3] t=150.6 hb ph=spine st=2 want=police cur=police si=6 sc=210 mr=0 ppos=(1.0, 1.0, 1.0) valid=true in_tree=true finite=true tgt=(8.0, 0.0, 8.0) tdist=9.8 npu=18 col=GroundBody col=GroundBody col=GroundBody pack=22.2/40kg slots=7/12 batteries=3 charge=68 itarget=none aim_dot=1.00 yaw=-135
[bot s3] t=153.9 inventory notice: Police station: partial power restored
[bot s3] t=155.6 hb ph=spine st=2 want=police cur=police si=6 sc=220 mr=0 ppos=(7.0, 1.0, 3.0) valid=true in_tree=true finite=true tgt=(9.0, 1.0, -5.0) tdist=8.1 npu=18 col=StreetCollision col=StreetCollision col=StreetCollision pack=20.7/40kg slots=6/12 batteries=3 charge=66 itarget=none aim_dot=1.00 yaw=-12
[bot s3] t=156.7 inventory notice: Photo added (28)
[bot s3] t=156.7 inventory notice: DOCUMENT FOUND: Channel 3: The Voice, On Our Handset
[bot s3] t=160.6 hb ph=spine st=2 want=police cur=police si=6 sc=220 mr=0 ppos=(8.0, 1.0, 0.0) valid=true in_tree=true finite=true tgt=(8.0, 0.0, 8.0) tdist=7.8 npu=17 col=StreetCollision col=StreetCollision col=StreetCollision pack=21.1/40kg slots=7/12 batteries=3 charge=65 itarget=none aim_dot=1.00 yaw=178
[bot s3] t=162.5 inventory notice: A collapse drew the creatures' attention!
[bot s3] t=162.9 inventory notice: Photo added (29)
[bot s3] t=163.0 inventory notice: Police station: streetlights are on
[bot s3] t=164.0 inventory notice: Photo added (30)
[bot s3] t=164.0 inventory notice: +800 coins for a district
[bot s3] t=164.0 inventory notice: Police station: district fully restored
[bot s3] t=164.0 police FULL (164.0s)
[bot s3] t=165.0 inventory notice: Photo added (31)
[bot s3] t=165.0 Travel -> warehouses (map button)
[bot s3] t=165.6 hb ph=spine st=2 want=warehouses cur=warehouses si=7 sc=245 mr=0 ppos=(-8.0, 1.0, -7.0) valid=true in_tree=true finite=true tgt=(-8.0, 1.0, 2.0) tdist=9.1 npu=17 col=StreetCollision col=StreetCollision col=StreetCollision pack=20.7/40kg slots=6/12 batteries=3 charge=64 itarget=none aim_dot=1.00 yaw=-179
[bot s3] t=169.1 inventory notice: Photo added (32)
[bot s3] t=169.1 inventory notice: QUEST COMPLETE: Cables (+60 coins)
[bot s3] t=170.6 hb ph=spine st=2 want=warehouses cur=warehouses si=7 sc=245 mr=0 ppos=(-5.0, 1.0, 2.0) valid=true in_tree=true finite=true tgt=(8.0, 0.0, 8.0) tdist=14.1 npu=16 col=StreetCollision col=StreetCollision col=StreetCollision pack=22.2/40kg slots=7/12 batteries=3 charge=63 itarget=none aim_dot=1.00 yaw=-114
[bot s3] t=173.7 inventory notice: Photo added (33)
[bot s3] t=173.8 inventory notice: Blueprint learned: Blueprint: portable bench
[bot s3] t=175.6 hb ph=spine st=2 want=warehouses cur=warehouses si=7 sc=245 mr=0 ppos=(5.0, 1.0, 7.0) valid=true in_tree=true finite=true tgt=(8.0, 0.0, 8.0) tdist=3.3 npu=14 col=StreetCollision col=StreetCollision col=StreetCollision pack=22.7/40kg slots=8/12 batteries=3 charge=62 itarget=none aim_dot=1.00 yaw=-114
[bot s3] t=176.0 inventory notice: Warehouse complex: partial power restored
[bot s3] t=179.3 inventory notice: Photo added (34)
[bot s3] t=179.4 inventory notice: Warehouse complex: streetlights are on
[bot s3] t=180.6 hb ph=spine st=2 want=warehouses cur=warehouses si=7 sc=265 mr=0 ppos=(3.0, 1.0, 10.0) valid=true in_tree=true finite=true tgt=(-7.0, 1.0, 18.0) tdist=13.9 npu=12 col=StreetCollision col=StreetCollision col=StreetCollision pack=22.2/40kg slots=7/12 batteries=3 charge=61 itarget=none aim_dot=1.00 yaw=129
[bot s3] t=182.1 inventory notice: Photo added (35)
[bot s3] t=182.1 inventory notice: DOCUMENT FOUND: Loader's Cassette — Names
[bot s3] t=185.7 hb ph=spine st=2 want=warehouses cur=warehouses si=7 sc=265 mr=0 ppos=(-5.0, 1.0, 16.0) valid=true in_tree=true finite=true tgt=(-7.0, 1.0, 18.0) tdist=3.0 npu=12 col=StreetCollision col=StreetCollision col=StreetCollision pack=22.2/40kg slots=7/12 batteries=3 charge=60 itarget=none aim_dot=1.00 yaw=129
[bot s3] t=190.7 hb ph=spine st=2 want=warehouses cur=warehouses si=7 sc=265 mr=0 ppos=(1.0, 1.0, 13.0) valid=true in_tree=true finite=true tgt=(8.0, 0.0, 8.0) tdist=8.2 npu=11 near=Hunter@2.1 col=StreetCollision col=StreetCollision col=StreetCollision pack=22.3/40kg slots=8/12 batteries=3 charge=59 itarget=none aim_dot=1.00 yaw=-56
[bot s3] t=193.3 inventory notice: Photo added (36)
[bot s3] t=193.3 inventory notice: +900 coins for a district
[bot s3] t=193.3 inventory notice: Warehouse complex: district fully restored
[bot s3] t=193.3 warehouses FULL (193.3s)
[bot s3] t=194.3 inventory notice: Photo added (37)
[bot s3] t=194.3 Travel -> industrial (map button)
[bot s3] t=194.5 inventory notice: Photo added (38)
[bot s3] t=194.5 inventory notice: QUEST COMPLETE: Medkits (+55 coins)
[bot s3] t=194.5 inventory notice: Photo added (39)
[bot s3] t=194.5 inventory notice: QUEST COMPLETE: Find the missing engineers (+120 coins)
[bot s3] t=195.7 hb ph=spine st=2 want=industrial cur=industrial si=8 sc=280 mr=0 ppos=(-5.0, 1.0, -8.0) valid=true in_tree=true finite=true tgt=(0.0, 1.0, -7.0) tdist=5.6 npu=16 col=StreetCollision col=StreetCollision col=StreetCollision pack=23.2/40kg slots=7/12 batteries=3 charge=58 itarget=none aim_dot=1.00 yaw=-92
[bot s3] t=200.7 hb ph=spine st=2 want=industrial cur=industrial si=8 sc=280 mr=0 ppos=(2.0, 1.0, -2.0) valid=true in_tree=true finite=true tgt=(8.0, 0.0, 8.0) tdist=11.7 npu=15 col=GroundBody col=GroundBody col=GroundBody pack=24.7/40kg slots=8/12 batteries=3 charge=56 itarget=none aim_dot=1.00 yaw=-150
[bot s3] t=205.2 inventory notice: Industrial zone: partial power restored
[bot s3] t=205.6 inventory notice: Photo added (40)
[bot s3] t=205.6 inventory notice: DOCUMENT FOUND: Photo: Workshop B, 23:15
[bot s3] t=205.7 hb ph=spine st=2 want=industrial cur=industrial si=8 sc=290 mr=0 ppos=(8.0, 1.0, 6.0) valid=true in_tree=true finite=true tgt=(8.0, 0.0, 8.0) tdist=2.5 npu=15 col=StreetCollision col=StreetCollision col=StreetCollision pack=23.6/40kg slots=8/12 batteries=3 charge=55 itarget=PowerSwitch aim_dot=1.00 yaw=-169
[bot s3] t=206.2 inventory notice: Photo added (41)
[bot s3] t=206.2 inventory notice: Industrial zone: streetlights are on
[bot s3] t=207.9 inventory notice: Photo added (42)
[bot s3] t=207.9 inventory notice: +1000 coins for a district
[bot s3] t=207.9 inventory notice: Industrial zone: district fully restored
[bot s3] t=208.0 industrial FULL (208.0s)
[bot s3] t=208.9 inventory notice: Photo added (43)
[bot s3] t=209.0 Travel -> substation (map button)
[bot s3] t=210.7 hb ph=spine st=2 want=substation cur=substation si=9 sc=315 mr=0 ppos=(-5.0, 1.0, -9.0) valid=true in_tree=true finite=true tgt=(5.0, 1.0, -12.0) tdist=10.2 npu=13 col=StreetCollision col=StreetCollision col=StreetCollision pack=23.2/40kg slots=7/12 batteries=3 charge=54 itarget=none aim_dot=1.00 yaw=-74
[bot s3] t=215.8 hb ph=spine st=2 want=substation cur=substation si=9 sc=315 mr=0 ppos=(4.0, 1.0, -10.0) valid=true in_tree=true finite=true tgt=(8.0, 0.0, 8.0) tdist=18.4 npu=12 col=StreetCollision col=StreetCollision col=StreetCollision pack=24.7/40kg slots=8/12 batteries=3 charge=53 itarget=none aim_dot=1.00 yaw=-168
[bot s3] t=217.9 inventory notice: Photo added (44)
[bot s3] t=217.9 inventory notice: QUEST COMPLETE: Batteries (+45 coins)
[bot s3] t=220.8 hb ph=spine st=2 want=substation cur=substation si=9 sc=315 mr=0 ppos=(6.0, 1.0, 0.0) valid=true in_tree=true finite=true tgt=(8.0, 0.0, 8.0) tdist=8.0 npu=11 col=StreetCollision col=StreetCollision col=StreetCollision pack=25.0/40kg slots=8/12 batteries=4 charge=52 itarget=none aim_dot=1.00 yaw=-168
[bot s3] t=223.4 inventory notice: Substation: partial power restored
[bot s3] t=225.8 hb ph=spine st=2 want=substation cur=substation si=9 sc=325 mr=0 ppos=(8.0, 1.0, 8.0) valid=true in_tree=true finite=true tgt=(9.0, 1.0, 15.0) tdist=7.6 npu=11 col=Body pack=23.5/40kg slots=7/12 batteries=4 charge=51 itarget=PowerSwitch aim_dot=1.00 yaw=-173
[bot s3] t=230.8 hb ph=spine st=2 want=substation cur=substation si=9 sc=325 mr=0 ppos=(8.0, 1.0, 8.0) valid=true in_tree=true finite=true tgt=(9.0, 1.0, 15.0) tdist=7.6 npu=11 col=Body col=StreetCollision pack=23.5/40kg slots=7/12 batteries=4 charge=50 itarget=PowerSwitch aim_dot=1.00 yaw=-173
[bot s3] t=235.8 hb ph=spine st=2 want=substation cur=substation si=9 sc=325 mr=0 ppos=(7.0, 1.0, 8.0) valid=true in_tree=true finite=true tgt=(9.0, 1.0, 15.0) tdist=7.4 npu=11 col=Body col=StreetCollision pack=23.5/40kg slots=7/12 batteries=4 charge=49 itarget=PowerSwitch aim_dot=1.00 yaw=-170
[bot s3] t=237.2 inventory notice: Footsteps behind you. Nobody is there.
[bot s3] t=240.3 inventory notice: Photo added (45)
[bot s3] t=240.3 inventory notice: Substation: streetlights are on
[bot s3] t=240.8 hb ph=spine st=2 want=substation cur=substation si=9 sc=335 mr=0 ppos=(7.0, 1.0, 10.0) valid=true in_tree=true finite=true tgt=(5.0, 1.0, 9.0) tdist=2.6 npu=10 col=StreetCollision col=StreetCollision col=StreetCollision pack=23.5/40kg slots=7/12 batteries=4 charge=48 itarget=none aim_dot=1.00 yaw=65
[bot s3] t=241.4 inventory notice: Photo added (46)
[bot s3] t=241.4 inventory notice: QUEST COMPLETE: Components (+70 coins)
[bot s3] t=242.4 inventory notice: Photo added (47)
[bot s3] t=242.5 inventory notice: +1100 coins for a district
[bot s3] t=242.5 inventory notice: Substation: district fully restored
[bot s3] t=242.5 substation FULL (242.5s)
[bot s3] t=243.5 inventory notice: Photo added (48)
[bot s3] t=243.5 Travel -> power_station (map button)
[bot s3] t=245.8 hb ph=spine st=2 want=power_station cur=power_station si=10 sc=350 mr=0 ppos=(-10.0, 1.0, -4.0) valid=true in_tree=true finite=true tgt=(-18.0, 0.0, 8.0) tdist=14.2 npu=13 col=StreetCollision col=StreetCollision col=StreetCollision pack=23.5/40kg slots=7/12 batteries=4 charge=46 itarget=none aim_dot=1.00 yaw=149
[bot s3] t=250.9 hb ph=spine st=2 want=power_station cur=power_station si=10 sc=350 mr=0 ppos=(-16.0, 1.0, 5.0) valid=true in_tree=true finite=true tgt=(-18.0, 1.0, 8.0) tdist=3.5 npu=13 col=StreetCollision col=StreetCollision col=StreetCollision pack=23.5/40kg slots=7/12 batteries=4 charge=45 itarget=none aim_dot=1.00 yaw=149
[bot s3] t=255.9 hb ph=spine st=2 want=power_station cur=power_station si=10 sc=350 mr=0 ppos=(-9.0, 1.0, 7.0) valid=true in_tree=true finite=true tgt=(8.0, 0.0, 8.0) tdist=16.8 npu=12 col=StreetCollision col=StreetCollision col=StreetCollision pack=25.0/40kg slots=8/12 batteries=4 charge=44 itarget=none aim_dot=1.00 yaw=-93
[bot s3] t=260.9 hb ph=spine st=2 want=power_station cur=power_station si=10 sc=350 mr=0 ppos=(1.0, 1.0, 8.0) valid=true in_tree=true finite=true tgt=(8.0, 0.0, 8.0) tdist=6.6 npu=10 col=StreetCollision col=StreetCollision col=StreetCollision pack=26.1/40kg slots=9/12 batteries=4 charge=43 itarget=none aim_dot=1.00 yaw=-93
[bot s3] t=262.9 inventory notice: Power station: partial power restored
[bot s3] t=265.9 hb ph=spine st=2 want=power_station cur=power_station si=10 sc=360 mr=0 ppos=(1.0, 1.0, 12.0) valid=true in_tree=true finite=true tgt=(-7.0, 1.0, 18.0) tdist=10.4 npu=10 near=Watcher@2.4 col=StreetCollision col=StreetCollision col=StreetCollision pack=24.6/40kg slots=8/12 batteries=4 charge=42 itarget=none aim_dot=1.00 yaw=129
[bot s3] t=270.9 hb ph=spine st=2 want=power_station cur=power_station si=10 sc=360 mr=0 ppos=(-5.0, 1.0, 17.0) valid=true in_tree=true finite=true tgt=(8.0, 0.0, 8.0) tdist=15.9 npu=9 col=StreetCollision col=StreetCollision col=StreetCollision pack=25.0/40kg slots=9/12 batteries=4 charge=41 itarget=none aim_dot=1.00 yaw=-56
[bot s3] t=275.9 hb ph=spine st=2 want=power_station cur=power_station si=10 sc=360 mr=0 ppos=(3.0, 1.0, 11.0) valid=true in_tree=true finite=true tgt=(8.0, 0.0, 8.0) tdist=5.6 npu=9 near=Watcher@4.6 col=StreetCollision col=StreetCollision col=StreetCollision pack=25.0/40kg slots=9/12 batteries=4 charge=40 itarget=none aim_dot=1.00 yaw=-56
[bot s3] t=277.4 inventory notice: Photo added (49)
[bot s3] t=277.4 inventory notice: Power station: streetlights are on
[bot s3] t=278.4 inventory notice: Photo added (50)
[bot s3] t=278.4 inventory notice: Return to the power station
[bot s3] t=278.4 inventory notice: +1200 coins for a district
[bot s3] t=278.5 inventory notice: Power station: district fully restored
[bot s3] t=278.5 inventory notice: Photo added (51)
[bot s3] t=278.5 all 11 districts FULL — final night; bot is standing in power_station
[bot s3] t=278.5 finale: engaging the Architect (deadline 240s)
[bot s3] t=278.5 inventory notice: Creature blinded!
[bot s3] t=280.9 hb ph=boss st=2 want=power_station cur=power_station si=10 sc=880 mr=0 ppos=(8.0, 1.0, 8.0) valid=true in_tree=true finite=true tgt=(8.0, 0.0, 8.0) tdist=1.0 npu=9 boss_pos=(9.0, 1.0, 0.0) boss_dist=8.4 boss_hp=800.0/800.0 battery=33.6111111110623 fl_on=true stam=100.0 stun=0.0 atk=none ai=4 col=Body pack=24.5/40kg slots=7/12 batteries=4 charge=34 itarget=none aim_dot=0.93 yaw=-9
[bot s3] t=286.0 hb ph=boss st=2 want=power_station cur=power_station si=10 sc=880 mr=0 ppos=(8.0, 1.0, 7.0) valid=true in_tree=true finite=true tgt=(8.0, 0.0, 8.0) tdist=1.7 npu=9 boss_pos=(9.0, 1.0, 0.0) boss_dist=6.7 boss_hp=800.0/800.0 battery=32.4962962962466 fl_on=true stam=100.0 stun=0.0 atk=none ai=4 col=StreetCollision col=StreetCollision col=StreetCollision pack=24.5/40kg slots=7/12 batteries=4 charge=32 itarget=none aim_dot=-0.87 yaw=-16
[bot s3] t=288.6 inventory notice: Creature blinded!
[bot s3] t=291.0 hb ph=boss st=2 want=power_station cur=power_station si=10 sc=910 mr=0 ppos=(9.0, 1.0, 1.0) valid=true in_tree=true finite=true tgt=(8.0, 0.0, 8.0) tdist=7.1 npu=9 boss_pos=(9.0, 1.0, 0.0) boss_dist=1.1 boss_hp=740.9375/800.0 battery=26.3814814814315 fl_on=true stam=100.0 stun=0.0 atk=none ai=4 near=BossArchitect@1.1 col=StreetCollision col=StreetCollision col=StreetCollision pack=24.5/40kg slots=7/12 batteries=4 charge=26 itarget=none aim_dot=-0.89 yaw=-34
[bot s3] t=296.0 hb ph=boss st=2 want=power_station cur=power_station si=10 sc=945 mr=0 ppos=(9.0, 1.0, 2.0) valid=true in_tree=true finite=true tgt=(8.0, 0.0, 8.0) tdist=6.4 npu=9 boss_pos=(9.0, 1.0, 0.0) boss_dist=1.7 boss_hp=670.0625/800.0 battery=25.2666666666168 fl_on=true stam=94.8333333333334 stun=0.0 atk=none ai=4 near=BossArchitect@1.7 col=StreetCollision col=StreetCollision col=StreetCollision pack=24.5/40kg slots=7/12 batteries=4 charge=25 itarget=none aim_dot=-1.00 yaw=-12
[bot s3] t=301.0 hb ph=boss st=2 want=power_station cur=power_station si=10 sc=978 mr=0 ppos=(11.0, 1.0, 4.0) valid=true in_tree=true finite=true tgt=(8.0, 0.0, 8.0) tdist=4.8 npu=9 boss_pos=(9.0, 1.0, 0.0) boss_dist=4.2 boss_hp=603.125/800.0 battery=24.1518518518022 fl_on=true stam=73.3333333333334 stun=0.0 atk=windup ai=4 near=BossArchitect@4.2 col=StreetCollision col=StreetCollision col=StreetCollision pack=24.5/40kg slots=7/12 batteries=4 charge=24 itarget=none aim_dot=-0.65 yaw=16
[bot s3] t=306.0 hb ph=boss st=2 want=power_station cur=power_station si=10 sc=1008 mr=0 ppos=(10.0, 1.0, 1.0) valid=true in_tree=true finite=true tgt=(8.0, 0.0, 8.0) tdist=7.3 npu=9 boss_pos=(9.0, 1.0, 0.0) boss_dist=0.9 boss_hp=544.0625/800.0 battery=23.0370370369876 fl_on=true stam=100.0 stun=0.0 atk=none ai=4 near=BossArchitect@0.9 col=BossArchitect col=StreetCollision pack=24.5/40kg slots=7/12 batteries=4 charge=23 itarget=none aim_dot=-0.87 yaw=16
[bot s3] t=311.0 inventory notice: Photo added (52)
[bot s3] t=311.0 hb ph=boss st=2 want=power_station cur=power_station si=10 sc=1026 mr=0 ppos=(10.0, 1.0, 3.0) valid=true in_tree=true finite=true tgt=(8.0, 0.0, 8.0) tdist=5.9 npu=10 boss_pos=(9.0, 1.0, -1.0) boss_dist=4.3 boss_hp=508.625/800.0 battery=21.9222222221729 fl_on=true stam=96.3333333333334 stun=0.0 atk=none ai=4 near=BossArchitect@4.3 near=BossMinion2@4.2 col=StreetCollision col=StreetCollision col=StreetCollision pack=24.5/40kg slots=7/12 batteries=4 charge=22 itarget=none aim_dot=-0.79 yaw=16
[bot s3] t=316.1 hb ph=boss st=2 want=power_station cur=power_station si=10 sc=1026 mr=0 ppos=(9.0, 1.0, 0.0) valid=true in_tree=true finite=true tgt=(8.0, 0.0, 8.0) tdist=8.5 npu=11 boss_pos=(9.0, 1.0, -3.0) boss_dist=3.1 boss_hp=508.625/800.0 battery=20.8074074073583 fl_on=true stam=97.5666666666667 stun=0.0 atk=windup ai=4 near=BossArchitect@3.1 col=StreetCollision col=StreetCollision col=StreetCollision pack=24.5/40kg slots=7/12 batteries=4 charge=21 itarget=none aim_dot=-0.91 yaw=16
[bot s3] t=319.7 inventory notice: Creature blinded!
[bot s3] t=321.1 hb ph=boss st=2 want=power_station cur=power_station si=10 sc=1049 mr=0 ppos=(9.0, 1.0, -3.0) valid=true in_tree=true finite=true tgt=(8.0, 0.0, 8.0) tdist=11.3 npu=11 boss_pos=(8.0, 1.0, -5.0) boss_dist=1.9 boss_hp=461.375/800.0 battery=49.6925925925434 fl_on=true stam=95.1000000000001 stun=0.0 atk=recovery ai=6 near=BossArchitect@1.9 col=StreetCollision col=StreetCollision col=StreetCollision pack=24.2/40kg slots=7/12 batteries=3 charge=50 itarget=none aim_dot=-0.95 yaw=16
[bot s3] t=322.1 inventory notice: Photo added (53)
[bot s3] t=322.1 inventory notice: QUEST COMPLETE: No escape for shadows (+70 coins)
[bot s3] t=326.1 hb ph=boss st=2 want=power_station cur=power_station si=10 sc=1071 mr=0 ppos=(9.0, 1.0, -3.0) valid=true in_tree=true finite=true tgt=(8.0, 0.0, 8.0) tdist=10.6 npu=13 boss_pos=(8.0, 1.0, -6.0) boss_dist=3.9 boss_hp=418.0625/800.0 battery=48.5777777777277 fl_on=true stam=97.3333333333337 stun=0.0 atk=none ai=4 near=BossArchitect@3.9 col=StreetCollision col=StreetCollision col=StreetCollision pack=24.2/40kg slots=7/12 batteries=3 charge=49 itarget=none aim_dot=-0.94 yaw=16
[bot s3] t=329.9 inventory notice: Creature blinded!
[bot s3] t=330.4 inventory notice: A collapse drew the creatures' attention!
[bot s3] t=331.1 hb ph=boss st=2 want=power_station cur=power_station si=10 sc=1101 mr=0 ppos=(9.0, 1.0, -3.0) valid=true in_tree=true finite=true tgt=(8.0, 0.0, 8.0) tdist=11.0 npu=13 boss_pos=(7.0, 1.0, -9.0) boss_dist=6.3 boss_hp=359.0/800.0 battery=42.462962962912 fl_on=true stam=85.5333333333334 stun=0.0 atk=recovery ai=6 col=StreetCollision col=StreetCollision col=StreetCollision pack=24.2/40kg slots=7/12 batteries=3 charge=42 itarget=none aim_dot=-0.95 yaw=16
[bot s3] t=336.1 hb ph=boss st=2 want=power_station cur=power_station si=10 sc=1120 mr=0 ppos=(7.0, 1.0, -8.0) valid=true in_tree=true finite=true tgt=(8.0, 0.0, 8.0) tdist=16.4 npu=14 boss_pos=(7.0, 1.0, -9.0) boss_dist=0.9 boss_hp=319.625/800.0 battery=41.3481481480963 fl_on=true stam=96.9 stun=0.0 atk=windup ai=4 near=@CharacterBody3D@7286@5.0 near=BossArchitect@0.9 near=BossMinion1@4.4 col=BossArchitect pack=24.2/40kg slots=7/12 batteries=3 charge=41 itarget=none aim_dot=-0.98 yaw=16
[bot s3] t=340.0 inventory notice: Creature blinded!
[bot s3] t=341.1 hb ph=boss st=2 want=power_station cur=power_station si=10 sc=1156 mr=0 ppos=(6.0, 1.0, -6.0) valid=true in_tree=true finite=true tgt=(8.0, 0.0, 8.0) tdist=14.6 npu=14 boss_pos=(6.0, 1.0, -12.0) boss_dist=5.4 boss_hp=248.75/800.0 battery=35.2333333332806 fl_on=true stam=89.4000000000001 stun=0.0 atk=none ai=6 near=BossMinion1@4.4 col=StreetCollision col=StreetCollision col=StreetCollision pack=24.2/40kg slots=7/12 batteries=3 charge=35 itarget=none aim_dot=-1.00 yaw=0
[bot s3] t=346.2 hb ph=boss st=2 want=power_station cur=power_station si=10 sc=1160 mr=0 ppos=(6.0, 1.0, -10.0) valid=true in_tree=true finite=true tgt=(8.0, 0.0, 8.0) tdist=17.6 npu=17 boss_pos=(6.0, 1.0, -12.0) boss_dist=2.6 boss_hp=240.875/800.0 battery=34.1185185184649 fl_on=true stam=100.0 stun=0.0 atk=recovery ai=4 near=BossArchitect@2.6 near=BossMinion1@3.9 col=StreetCollision col=StreetCollision col=StreetCollision pack=24.2/40kg slots=7/12 batteries=3 charge=34 itarget=none aim_dot=-1.00 yaw=1
[bot s3] t=350.2 inventory notice: Creature blinded!
[bot s3] t=351.2 hb ph=boss st=2 want=power_station cur=power_station si=10 sc=1188 mr=0 ppos=(7.0, 1.0, -9.0) valid=true in_tree=true finite=true tgt=(8.0, 0.0, 8.0) tdist=17.5 npu=16 boss_pos=(6.0, 1.0, -10.0) boss_dist=0.9 boss_hp=184.4375/800.0 battery=28.0037037036494 fl_on=true stam=98.7333333333333 stun=0.0 atk=windup ai=4 near=BossArchitect@0.9 near=BossMinion1@4.1 col=BossArchitect pack=23.5/40kg slots=7/12 batteries=4 charge=28 itarget=none aim_dot=-0.96 yaw=21
[bot s3] t=356.2 hb ph=boss st=2 want=power_station cur=power_station si=10 sc=1218 mr=0 ppos=(7.0, 1.0, -8.0) valid=true in_tree=true finite=true tgt=(8.0, 0.0, 8.0) tdist=16.2 npu=16 boss_pos=(7.0, 1.0, -9.0) boss_dist=0.9 boss_hp=124.0625/800.0 battery=26.8888888888347 fl_on=true stam=100.0 stun=0.0 atk=none ai=4 near=BossArchitect@0.9 near=BossMinion1@4.2 col=BossArchitect pack=22.5/40kg slots=7/12 batteries=4 charge=27 itarget=none aim_dot=-0.99 yaw=-5
[bot s3] t=361.2 hb ph=boss st=2 want=power_station cur=power_station si=10 sc=1244 mr=0 ppos=(6.0, 1.0, -2.0) valid=true in_tree=true finite=true tgt=(8.0, 0.0, 8.0) tdist=9.8 npu=16 boss_pos=(7.0, 1.0, -3.0) boss_dist=0.9 boss_hp=71.5625/800.0 battery=25.7740740740201 fl_on=true stam=76.8000000000003 stun=0.0 atk=windup ai=4 near=BossArchitect@0.9 col=BossArchitect col=StreetCollision pack=20.5/40kg slots=6/12 batteries=4 charge=26 itarget=none aim_dot=-0.98 yaw=-3
[bot s3] t=362.1 inventory notice: +100 coins for an achievement
[bot s3] t=364.0 revived after death (1 total)
[bot s3] t=366.2 hb ph=boss st=2 want=power_station cur=power_station si=10 sc=1264 mr=0 ppos=(7.0, 1.0, -1.0) valid=true in_tree=true finite=true tgt=(8.0, 0.0, 8.0) tdist=8.8 npu=16 boss_pos=(6.0, 1.0, -2.0) boss_dist=0.9 boss_hp=32.1875/800.0 battery=24.6925925925388 fl_on=true stam=98.5 stun=0.0 atk=windup ai=4 near=BossArchitect@0.9 col=BossArchitect pack=20.5/40kg slots=6/12 batteries=4 charge=25 itarget=none aim_dot=-0.97 yaw=23
[bot s3] t=369.2 inventory notice: Photo added (54)
[bot s3] t=369.2 WIN ending fired
[bot s3] ── RUN SUMMARY ──────────────────────────────
[bot s3]   result       : WIN
[bot s3]   wall time    : 369.2s
[bot s3]   districts FULL: 11/11
[bot s3]   deaths       : 1
[bot s3]   coins earned : 9300 (wallet 9300)
[bot s3]   nudges       : 15 (>1 means the win leaned on nudge rescues, not clean nav — docs/REDTEAM_CHALLENGE.md TG-PLAY)
[bot s3]   onboarding   : first_interactable=22.9 first_secret_hint=10.2 first_secret_found=-1.0 first_district_full=25.0
[bot s3]   stage timeline: suburbs:0@5.2, suburbs:1@22.9, suburbs:2@23.9, suburbs:3@25.0, residential:0@26.1, residential:1@40.0, residential:2@46.3, residential:3@51.3, park:0@52.4, park:1@60.1, park:2@64.2, park:3@79.0, school:0@80.1, school:1@89.7, school:2@90.9, school:3@94.1, hospital:0@95.2, hospital:1@104.1, hospital:2@105.1, hospital:3@121.7, gas_station:0@122.8, gas_station:1@134.3, gas_station:2@140.1, gas_station:3@143.5, police:0@144.6, police:1@153.9, police:2@163.0, police:3@164.0, warehouses:0@165.1, warehouses:1@176.0, warehouses:2@179.4, warehouses:3@193.3, industrial:0@194.4, industrial:1@205.2, industrial:2@206.2, industrial:3@208.0, substation:0@209.1, substation:1@223.5, substation:2@240.4, substation:3@242.5, power_station:0@243.6, power_station:1@262.9, power_station:2@277.5
[bot s3]   part economy : suburbs stage 0->1 @t=22.9 | suburbs stage 1->2 @t=23.9 | suburbs stage 2->3 @t=25.0 | residential stage 0->1 @t=40.0 | residential stage 1->2 @t=46.3 | residential stage 2->3 @t=51.3 | park stage 0->1 @t=60.1 | park stage 1->2 @t=64.2 | park stage 2->3 @t=79.0 | school stage 0->1 @t=89.6 | school stage 1->2 @t=90.9 | school stage 2->3 @t=94.1 | hospital stage 0->1 @t=104.1 | hospital stage 1->2 @t=105.1 | hospital stage 2->3 @t=121.7 | gas_station stage 0->1 @t=134.2 | gas_station stage 1->2 @t=140.1 | gas_station stage 2->3 @t=143.4 | police stage 0->1 @t=153.9 | police stage 1->2 @t=163.0 | police stage 2->3 @t=164.0 | warehouses stage 0->1 @t=176.0 | warehouses stage 1->2 @t=179.4 | warehouses stage 2->3 @t=193.3 | industrial stage 0->1 @t=205.2 | industrial stage 1->2 @t=206.2 | industrial stage 2->3 @t=208.0 | substation stage 0->1 @t=223.4 | substation stage 1->2 @t=240.3 | substation stage 2->3 @t=242.5 | power_station stage 0->1 @t=262.9 | power_station stage 1->2 @t=277.4
[bot s3] ── END ──────────────────────────────────────
ERROR: 3 RID allocations of type 'PN13RendererDummy14TextureStorage12DummyTextureE' were leaked at exit.
ERROR: 12 RID allocations of type 'PN18TextServerAdvanced22ShapedTextDataAdvancedE' were leaked at exit.
ERROR: 2 RID allocations of type 'PN18TextServerAdvanced12FontAdvancedE' were leaked at exit.
WARNING: 6 RIDs of type "CanvasItem" were leaked.
   at: _free_rids (servers/rendering/renderer_canvas_cull.cpp:2735)
WARNING: 74 ObjectDB instances were leaked at exit (run with `--verbose` for details).
   at: cleanup (core/object/object.cpp:2535)
ERROR: 7 resources still in use at exit (run with --verbose for details).
   at: clear (core/io/resource.cpp:822)
