Godot Engine v4.7.stable.official.5b4e0cb0f - https://godotengine.org

[bot s2] t=4.7 inventory notice: Photo added (1)
[bot s2] t=6.8 New Game stable, player at (-8.0, 1.0, -8.0)
[bot s2] t=11.8 inventory notice: Photo added (2)
[bot s2] t=11.8 inventory notice: DOCUMENT FOUND: Photo: Barbecue on Maple Row
[bot s2] t=11.8 hb ph=spine st=2 want=suburbs cur=suburbs si=0 sc=0 mr=0 ppos=(-4.0, 1.0, -11.0) valid=true in_tree=true finite=true tgt=(8.0, 0.0, 8.0) tdist=22.1 npu=10 col=StreetCollision col=StreetCollision col=StreetCollision pack=2.9/40kg slots=3/12 batteries=0 charge=98 itarget=none aim_dot=1.00 yaw=-147
[bot s2] t=16.8 hb ph=spine st=2 want=suburbs cur=suburbs si=0 sc=0 mr=0 ppos=(7.0, 1.0, -5.0) valid=true in_tree=true finite=true tgt=(8.0, 0.0, -3.0) tdist=1.5 npu=10 col=StreetCollision col=StreetCollision col=StreetCollision pack=2.9/40kg slots=3/12 batteries=0 charge=97 itarget=none aim_dot=1.00 yaw=-155
[bot s2] t=21.8 hb ph=spine st=2 want=suburbs cur=suburbs si=0 sc=0 mr=0 ppos=(13.0, 1.0, 4.0) valid=true in_tree=true finite=true tgt=(15.0, 1.0, 9.0) tdist=4.8 npu=8 col=StreetCollision col=StreetCollision col=StreetCollision pack=3.5/40kg slots=4/12 batteries=2 charge=96 itarget=none aim_dot=1.00 yaw=-152
[bot s2] t=24.5 inventory notice: Suburbs: partial power restored
[bot s2] t=25.5 inventory notice: Photo added (3)
[bot s2] t=25.5 inventory notice: Suburbs: streetlights are on
[bot s2] t=26.5 inventory notice: Photo added (4)
[bot s2] t=26.5 inventory notice: Photo added (5)
[bot s2] t=26.6 inventory notice: Photo added (6)
[bot s2] t=26.6 inventory notice: QUEST COMPLETE: Restart the residential substation (+100 coins)
[bot s2] t=26.6 inventory notice: +200 coins for a district
[bot s2] t=26.6 inventory notice: Suburbs: district fully restored
[bot s2] t=26.6 suburbs FULL (26.6s)
[bot s2] t=26.8 hb ph=spine st=2 want=residential cur=suburbs si=1 sc=35 mr=0 ppos=(8.0, 1.0, 8.0) valid=true in_tree=true finite=true tgt=(8.0, 0.0, 8.0) tdist=-1.0 npu=6 col=Body col=StreetCollision pack=1.9/40kg slots=2/12 batteries=3 charge=95 itarget=none aim_dot=0.99 yaw=145
[bot s2] t=27.6 inventory notice: Photo added (7)
[bot s2] t=27.6 Travel -> residential (map button)
[bot s2] t=31.9 hb ph=spine st=2 want=residential cur=residential si=1 sc=35 mr=0 ppos=(-14.0, 1.0, 3.0) valid=true in_tree=true finite=true tgt=(-17.0, 1.0, 9.0) tdist=6.6 npu=15 col=GroundBody col=GroundBody col=GroundBody pack=1.9/40kg slots=2/12 batteries=3 charge=94 itarget=none aim_dot=1.00 yaw=151
[bot s2] t=36.9 hb ph=spine st=2 want=residential cur=residential si=1 sc=35 mr=0 ppos=(-7.0, 1.0, 8.0) valid=true in_tree=true finite=true tgt=(8.0, 0.0, 8.0) tdist=15.4 npu=14 near=@CharacterBody3D@618@1.4 col=StreetCollision col=StreetCollision col=StreetCollision pack=3.4/40kg slots=3/12 batteries=3 charge=93 itarget=none aim_dot=1.00 yaw=-91
[bot s2] t=41.7 inventory notice: Residential blocks: partial power restored
[bot s2] t=41.9 hb ph=spine st=2 want=residential cur=residential si=1 sc=45 mr=0 ppos=(5.0, 1.0, 7.0) valid=true in_tree=true finite=true tgt=(6.0, 1.0, -3.0) tdist=10.1 npu=13 near=@CharacterBody3D@618@1.4 col=StreetCollision col=StreetCollision col=StreetCollision pack=7.9/40kg slots=3/12 batteries=3 charge=92 itarget=none aim_dot=1.00 yaw=-2
[bot s2] t=46.9 hb ph=spine st=2 want=residential cur=residential si=1 sc=45 mr=0 ppos=(7.0, 1.0, 3.0) valid=true in_tree=true finite=true tgt=(8.0, 0.0, 8.0) tdist=5.2 npu=12 near=@CharacterBody3D@618@1.1 col=StreetCollision col=StreetCollision col=StreetCollision pack=9.8/40kg slots=5/12 batteries=3 charge=91 itarget=none aim_dot=1.00 yaw=-167
[bot s2] t=47.9 inventory notice: Photo added (8)
[bot s2] t=47.9 inventory notice: Residential blocks: streetlights are on
[bot s2] t=51.9 hb ph=spine st=2 want=residential cur=residential si=1 sc=55 mr=0 ppos=(7.0, 1.0, 13.0) valid=true in_tree=true finite=true tgt=(8.0, 0.0, 8.0) tdist=5.2 npu=10 near=@CharacterBody3D@618@0.8 col=StreetCollision col=StreetCollision col=StreetCollision pack=9.4/40kg slots=5/12 batteries=3 charge=90 itarget=none aim_dot=1.00 yaw=-11
[bot s2] t=52.9 inventory notice: Photo added (9)
[bot s2] t=52.9 inventory notice: Blueprint applied: upgrade unlocked
[bot s2] t=52.9 inventory notice: Photo added (10)
[bot s2] t=52.9 inventory notice: QUEST COMPLETE: Power the industrial zone (+150 coins)
[bot s2] t=52.9 inventory notice: +300 coins for a district
[bot s2] t=52.9 inventory notice: Residential blocks: district fully restored
[bot s2] t=53.0 residential FULL (53.0s)
[bot s2] t=53.9 inventory notice: Photo added (11)
[bot s2] t=54.0 Travel -> park (map button)
[bot s2] t=56.9 hb ph=spine st=2 want=park cur=park si=2 sc=70 mr=0 ppos=(-3.0, 1.0, -3.0) valid=true in_tree=true finite=true tgt=(8.0, 0.0, 8.0) tdist=15.2 npu=14 col=GroundBody pack=9.5/40kg slots=5/12 batteries=3 charge=88 itarget=none aim_dot=1.00 yaw=-134
[bot s2] t=61.8 inventory notice: Park: partial power restored
[bot s2] t=61.9 hb ph=spine st=2 want=park cur=park si=2 sc=80 mr=0 ppos=(7.0, 1.0, 6.0) valid=true in_tree=true finite=true tgt=(15.0, 1.0, 9.0) tdist=8.5 npu=14 col=StreetCollision col=StreetCollision col=StreetCollision pack=8.0/40kg slots=4/12 batteries=3 charge=87 itarget=PowerSwitch aim_dot=1.00 yaw=-105
[bot s2] t=64.6 inventory notice: Photo added (12)
[bot s2] t=64.6 inventory notice: QUEST COMPLETE: Find the fuses (+50 coins)
[bot s2] t=65.0 inventory notice: Photo added (13)
[bot s2] t=65.0 inventory notice: DOCUMENT FOUND: Photo: The Feeder
[bot s2] t=65.7 inventory notice: Photo added (14)
[bot s2] t=65.8 inventory notice: Park: streetlights are on
[bot s2] t=66.9 hb ph=spine st=2 want=park cur=park si=2 sc=90 mr=0 ppos=(7.0, 1.0, 9.0) valid=true in_tree=true finite=true tgt=(-12.0, 1.0, 12.0) tdist=19.6 npu=13 col=StreetCollision col=StreetCollision col=StreetCollision pack=8.0/40kg slots=4/12 batteries=3 charge=86 itarget=none aim_dot=1.00 yaw=100
[bot s2] t=72.0 hb ph=spine st=2 want=park cur=park si=2 sc=90 mr=0 ppos=(-6.0, 1.0, 11.0) valid=true in_tree=true finite=true tgt=(-12.0, 0.0, 12.0) tdist=6.1 npu=13 col=StreetCollision col=StreetCollision col=StreetCollision pack=8.0/40kg slots=4/12 batteries=3 charge=85 itarget=none aim_dot=1.00 yaw=100
[bot s2] t=77.0 hb ph=spine st=2 want=park cur=park si=2 sc=90 mr=0 ppos=(-3.0, 1.0, 10.0) valid=true in_tree=true finite=true tgt=(8.0, 0.0, 8.0) tdist=11.3 npu=11 col=StreetCollision col=StreetCollision col=StreetCollision pack=14.1/40kg slots=5/12 batteries=3 charge=84 itarget=none aim_dot=1.00 yaw=-78
[bot s2] t=80.5 inventory notice: Photo added (15)
[bot s2] t=80.5 inventory notice: +400 coins for a district
[bot s2] t=80.6 inventory notice: Park: district fully restored
[bot s2] t=80.6 park FULL (80.6s)
[bot s2] t=81.6 inventory notice: Photo added (16)
[bot s2] t=81.6 Travel -> school (map button)
[bot s2] t=81.7 inventory notice: Photo added (17)
[bot s2] t=81.7 inventory notice: QUEST COMPLETE: Explore the old school (+150 coins)
[bot s2] t=82.0 hb ph=spine st=2 want=school cur=school si=3 sc=105 mr=0 ppos=(-8.0, 1.0, -7.0) valid=true in_tree=true finite=true tgt=(-9.0, 1.0, -1.0) tdist=6.7 npu=15 col=StreetCollision col=StreetCollision col=StreetCollision pack=14.6/40kg slots=5/12 batteries=3 charge=83 itarget=none aim_dot=1.00 yaw=177
[bot s2] t=87.0 hb ph=spine st=2 want=school cur=school si=3 sc=105 mr=0 ppos=(-3.0, 1.0, 1.0) valid=true in_tree=true finite=true tgt=(8.0, 0.0, 8.0) tdist=12.7 npu=14 col=GroundBody col=GroundBody pack=16.1/40kg slots=6/12 batteries=3 charge=82 itarget=none aim_dot=1.00 yaw=-121
[bot s2] t=91.3 inventory notice: School: partial power restored
[bot s2] t=92.0 hb ph=spine st=2 want=school cur=school si=3 sc=115 mr=0 ppos=(7.0, 1.0, 6.0) valid=true in_tree=true finite=true tgt=(9.0, 1.0, 4.0) tdist=2.0 npu=13 col=StreetCollision col=StreetCollision col=StreetCollision pack=14.7/40kg slots=6/12 batteries=3 charge=81 itarget=none aim_dot=1.00 yaw=-49
[bot s2] t=92.5 inventory notice: Photo added (18)
[bot s2] t=92.6 inventory notice: School: streetlights are on
[bot s2] t=94.6 inventory notice: Footsteps behind you. Nobody is there.
[bot s2] t=95.7 inventory notice: Photo added (19)
[bot s2] t=95.7 inventory notice: +500 coins for a district
[bot s2] t=95.7 inventory notice: School: district fully restored
[bot s2] t=95.8 school FULL (95.8s)
[bot s2] t=96.7 inventory notice: Photo added (20)
[bot s2] t=96.7 Travel -> hospital (map button)
[bot s2] t=97.0 hb ph=spine st=2 want=hospital cur=hospital si=4 sc=140 mr=0 ppos=(-8.0, 1.0, -7.0) valid=true in_tree=true finite=true tgt=(-7.0, 1.0, -3.0) tdist=4.9 npu=14 near=Watcher@4.7 col=StreetCollision col=StreetCollision col=StreetCollision pack=15.1/40kg slots=7/12 batteries=3 charge=79 itarget=none aim_dot=1.00 yaw=-167
[bot s2] t=102.0 hb ph=spine st=2 want=hospital cur=hospital si=4 sc=140 mr=0 ppos=(-1.0, 1.0, 1.0) valid=true in_tree=true finite=true tgt=(8.0, 0.0, 8.0) tdist=11.1 npu=13 near=Crawler@0.9 col=GroundBody pack=16.6/40kg slots=8/12 batteries=3 charge=78 itarget=none aim_dot=1.00 yaw=-128
[bot s2] t=105.7 inventory notice: Hospital: partial power restored
[bot s2] t=106.7 inventory notice: Photo added (21)
[bot s2] t=106.7 inventory notice: Hospital: streetlights are on
[bot s2] t=107.1 hb ph=spine st=2 want=hospital cur=hospital si=4 sc=160 mr=0 ppos=(7.0, 1.0, 8.0) valid=true in_tree=true finite=true tgt=(-15.0, 1.0, 10.0) tdist=21.9 npu=13 near=Crawler@0.8 col=StreetCollision col=StreetCollision col=StreetCollision pack=14.7/40kg slots=6/12 batteries=3 charge=77 itarget=none aim_dot=1.00 yaw=96
[bot s2] t=107.2 inventory notice: Photo added (22)
[bot s2] t=107.2 inventory notice: DOCUMENT FOUND: Recorder: Grid Crew Log 9
[bot s2] t=112.1 hb ph=spine st=2 want=hospital cur=hospital si=4 sc=160 mr=0 ppos=(-5.0, 1.0, 9.0) valid=true in_tree=true finite=true tgt=(-15.0, 0.0, 10.0) tdist=9.6 npu=13 near=Crawler@1.1 col=StreetCollision col=StreetCollision col=StreetCollision pack=14.7/40kg slots=6/12 batteries=3 charge=76 itarget=none aim_dot=1.00 yaw=96
[bot s2] t=117.1 hb ph=spine st=2 want=hospital cur=hospital si=4 sc=160 mr=0 ppos=(-10.0, 1.0, 9.0) valid=true in_tree=true finite=true tgt=(8.0, 0.0, 8.0) tdist=17.7 npu=12 near=Crawler@0.8 col=StreetCollision col=StreetCollision col=StreetCollision pack=14.8/40kg slots=7/12 batteries=3 charge=75 itarget=none aim_dot=1.00 yaw=-85
[bot s2] t=122.1 hb ph=spine st=2 want=hospital cur=hospital si=4 sc=160 mr=0 ppos=(3.0, 1.0, 8.0) valid=true in_tree=true finite=true tgt=(8.0, 0.0, 8.0) tdist=5.5 npu=12 near=Crawler@1.1 col=StreetCollision col=StreetCollision col=StreetCollision pack=14.8/40kg slots=7/12 batteries=3 charge=74 itarget=none aim_dot=1.00 yaw=-85
[bot s2] t=123.3 inventory notice: Photo added (23)
[bot s2] t=123.4 inventory notice: +600 coins for a district
[bot s2] t=123.4 inventory notice: Hospital: district fully restored
[bot s2] t=123.4 hospital FULL (123.4s)
[bot s2] t=124.3 inventory notice: Photo added (24)
[bot s2] t=124.4 Travel -> gas_station (map button)
[bot s2] t=127.1 hb ph=spine st=2 want=gas_station cur=gas_station si=5 sc=175 mr=0 ppos=(-1.0, 1.0, -9.0) valid=true in_tree=true finite=true tgt=(5.0, 0.0, -10.0) tdist=6.6 npu=14 col=StreetCollision col=StreetCollision col=StreetCollision pack=14.7/40kg slots=6/12 batteries=3 charge=73 itarget=none aim_dot=1.00 yaw=-82
[bot s2] t=132.1 hb ph=spine st=2 want=gas_station cur=gas_station si=5 sc=175 mr=0 ppos=(5.0, 1.0, -3.0) valid=true in_tree=true finite=true tgt=(8.0, 0.0, 8.0) tdist=11.3 npu=13 col=StreetCollision col=StreetCollision col=StreetCollision pack=16.2/40kg slots=7/12 batteries=3 charge=72 itarget=none aim_dot=1.00 yaw=-167
[bot s2] t=135.9 inventory notice: Gas station: partial power restored
[bot s2] t=137.2 hb ph=spine st=2 want=gas_station cur=gas_station si=5 sc=185 mr=0 ppos=(4.0, 1.0, 6.0) valid=true in_tree=true finite=true tgt=(-2.0, 1.0, 6.0) tdist=6.0 npu=12 col=StreetCollision col=StreetCollision col=StreetCollision pack=16.2/40kg slots=7/12 batteries=3 charge=71 itarget=none aim_dot=1.00 yaw=94
[bot s2] t=141.7 inventory notice: Photo added (25)
[bot s2] t=141.7 inventory notice: Gas station: streetlights are on
[bot s2] t=142.2 hb ph=spine st=2 want=gas_station cur=gas_station si=5 sc=195 mr=0 ppos=(6.0, 1.0, 8.0) valid=true in_tree=true finite=true tgt=(9.0, 0.0, 14.0) tdist=5.9 npu=11 col=StreetCollision col=StreetCollision col=StreetCollision pack=16.2/40kg slots=7/12 batteries=3 charge=70 itarget=none aim_dot=1.00 yaw=-154
[bot s2] t=145.1 inventory notice: Photo added (26)
[bot s2] t=145.1 inventory notice: +700 coins for a district
[bot s2] t=145.1 inventory notice: Gas station: district fully restored
[bot s2] t=145.1 gas_station FULL (145.1s)
[bot s2] t=146.1 inventory notice: Photo added (27)
[bot s2] t=146.1 Travel -> police (map button)
[bot s2] t=147.2 hb ph=spine st=2 want=police cur=police si=6 sc=210 mr=0 ppos=(-7.0, 1.0, -7.0) valid=true in_tree=true finite=true tgt=(8.0, 0.0, 8.0) tdist=20.8 npu=18 col=StreetCollision col=StreetCollision col=StreetCollision pack=22.2/40kg slots=7/12 batteries=3 charge=69 itarget=none aim_dot=1.00 yaw=-135
[bot s2] t=152.2 hb ph=spine st=2 want=police cur=police si=6 sc=210 mr=0 ppos=(1.0, 1.0, 1.0) valid=true in_tree=true finite=true tgt=(8.0, 0.0, 8.0) tdist=9.9 npu=18 col=GroundBody col=GroundBody col=GroundBody pack=22.2/40kg slots=7/12 batteries=3 charge=68 itarget=none aim_dot=1.00 yaw=-135
[bot s2] t=155.6 inventory notice: Police station: partial power restored
[bot s2] t=157.2 hb ph=spine st=2 want=police cur=police si=6 sc=220 mr=0 ppos=(7.0, 1.0, 3.0) valid=true in_tree=true finite=true tgt=(9.0, 1.0, -5.0) tdist=8.3 npu=18 col=StreetCollision col=StreetCollision col=StreetCollision pack=20.7/40kg slots=6/12 batteries=3 charge=67 itarget=none aim_dot=1.00 yaw=-12
[bot s2] t=158.4 inventory notice: Photo added (28)
[bot s2] t=158.4 inventory notice: DOCUMENT FOUND: Channel 3: The Voice, On Our Handset
[bot s2] t=162.2 hb ph=spine st=2 want=police cur=police si=6 sc=220 mr=0 ppos=(8.0, 1.0, 0.0) valid=true in_tree=true finite=true tgt=(8.0, 0.0, 8.0) tdist=8.0 npu=17 col=StreetCollision col=StreetCollision col=StreetCollision pack=21.1/40kg slots=7/12 batteries=3 charge=66 itarget=none aim_dot=1.00 yaw=178
[bot s2] t=164.7 inventory notice: Photo added (29)
[bot s2] t=164.7 inventory notice: Police station: streetlights are on
[bot s2] t=165.7 inventory notice: Photo added (30)
[bot s2] t=165.7 inventory notice: +800 coins for a district
[bot s2] t=165.7 inventory notice: Police station: district fully restored
[bot s2] t=165.8 police FULL (165.8s)
[bot s2] t=166.7 inventory notice: Photo added (31)
[bot s2] t=166.8 Travel -> warehouses (map button)
[bot s2] t=167.2 hb ph=spine st=2 want=warehouses cur=warehouses si=7 sc=245 mr=0 ppos=(-8.0, 1.0, -7.0) valid=true in_tree=true finite=true tgt=(-8.0, 1.0, 2.0) tdist=9.3 npu=17 near=Crawler@4.8 col=StreetCollision col=StreetCollision col=StreetCollision pack=20.7/40kg slots=6/12 batteries=3 charge=65 itarget=none aim_dot=1.00 yaw=-180
[bot s2] t=170.8 inventory notice: Photo added (32)
[bot s2] t=170.8 inventory notice: QUEST COMPLETE: Cables (+60 coins)
[bot s2] t=172.2 hb ph=spine st=2 want=warehouses cur=warehouses si=7 sc=245 mr=0 ppos=(-5.0, 1.0, 2.0) valid=true in_tree=true finite=true tgt=(8.0, 0.0, 8.0) tdist=14.3 npu=16 col=StreetCollision col=StreetCollision col=StreetCollision pack=22.2/40kg slots=7/12 batteries=3 charge=64 itarget=none aim_dot=1.00 yaw=-114
[bot s2] t=175.5 inventory notice: Photo added (33)
[bot s2] t=175.5 inventory notice: Blueprint learned: Blueprint: portable bench
[bot s2] t=176.8 inventory notice: A distress signal somewhere in the city…
[bot s2] t=177.2 hb ph=spine st=2 want=warehouses cur=warehouses si=7 sc=245 mr=0 ppos=(5.0, 1.0, 7.0) valid=true in_tree=true finite=true tgt=(8.0, 0.0, 8.0) tdist=3.5 npu=14 col=StreetCollision col=StreetCollision col=StreetCollision pack=22.7/40kg slots=8/12 batteries=3 charge=63 itarget=none aim_dot=1.00 yaw=-114
[bot s2] t=177.7 inventory notice: Warehouse complex: partial power restored
[bot s2] t=181.1 inventory notice: Photo added (34)
[bot s2] t=181.1 inventory notice: Warehouse complex: streetlights are on
[bot s2] t=182.3 hb ph=spine st=2 want=warehouses cur=warehouses si=7 sc=265 mr=0 ppos=(4.0, 1.0, 10.0) valid=true in_tree=true finite=true tgt=(-7.0, 1.0, 18.0) tdist=14.0 npu=12 col=StreetCollision col=StreetCollision col=StreetCollision pack=22.2/40kg slots=7/12 batteries=3 charge=62 itarget=none aim_dot=1.00 yaw=129
[bot s2] t=183.8 inventory notice: Photo added (35)
[bot s2] t=183.8 inventory notice: DOCUMENT FOUND: Loader's Cassette — Names
[bot s2] t=187.3 hb ph=spine st=2 want=warehouses cur=warehouses si=7 sc=265 mr=0 ppos=(-5.0, 1.0, 16.0) valid=true in_tree=true finite=true tgt=(-7.0, 1.0, 18.0) tdist=3.1 npu=12 col=StreetCollision col=StreetCollision col=StreetCollision pack=22.2/40kg slots=7/12 batteries=3 charge=60 itarget=none aim_dot=1.00 yaw=129
[bot s2] t=192.3 hb ph=spine st=2 want=warehouses cur=warehouses si=7 sc=265 mr=0 ppos=(1.0, 1.0, 13.0) valid=true in_tree=true finite=true tgt=(8.0, 0.0, 8.0) tdist=8.3 npu=11 near=Hunter@2.0 col=StreetCollision col=StreetCollision col=StreetCollision pack=22.3/40kg slots=8/12 batteries=3 charge=59 itarget=none aim_dot=1.00 yaw=-56
[bot s2] t=194.9 inventory notice: Photo added (36)
[bot s2] t=195.0 inventory notice: +900 coins for a district
[bot s2] t=195.0 inventory notice: Warehouse complex: district fully restored
[bot s2] t=195.0 warehouses FULL (195.0s)
[bot s2] t=196.0 inventory notice: Photo added (37)
[bot s2] t=196.0 Travel -> industrial (map button)
[bot s2] t=196.1 inventory notice: Photo added (38)
[bot s2] t=196.1 inventory notice: QUEST COMPLETE: Medkits (+55 coins)
[bot s2] t=196.1 inventory notice: Photo added (39)
[bot s2] t=196.1 inventory notice: QUEST COMPLETE: Find the missing engineers (+120 coins)
[bot s2] t=197.3 hb ph=spine st=2 want=industrial cur=industrial si=8 sc=280 mr=0 ppos=(-5.0, 1.0, -8.0) valid=true in_tree=true finite=true tgt=(0.0, 1.0, -7.0) tdist=5.7 npu=16 col=StreetCollision col=StreetCollision col=StreetCollision pack=23.2/40kg slots=7/12 batteries=3 charge=58 itarget=none aim_dot=1.00 yaw=-93
[bot s2] t=202.3 hb ph=spine st=2 want=industrial cur=industrial si=8 sc=280 mr=0 ppos=(2.0, 1.0, -2.0) valid=true in_tree=true finite=true tgt=(8.0, 0.0, 8.0) tdist=11.8 npu=15 col=GroundBody col=GroundBody pack=24.7/40kg slots=8/12 batteries=3 charge=57 itarget=none aim_dot=1.00 yaw=-150
[bot s2] t=206.8 inventory notice: Industrial zone: partial power restored
[bot s2] t=207.3 inventory notice: Photo added (40)
[bot s2] t=207.3 inventory notice: DOCUMENT FOUND: Photo: Workshop B, 23:15
[bot s2] t=207.3 hb ph=spine st=2 want=industrial cur=industrial si=8 sc=290 mr=0 ppos=(8.0, 1.0, 6.0) valid=true in_tree=true finite=true tgt=(8.0, 0.0, 8.0) tdist=2.6 npu=15 col=StreetCollision col=StreetCollision col=StreetCollision pack=23.6/40kg slots=8/12 batteries=3 charge=56 itarget=none aim_dot=1.00 yaw=-169
[bot s2] t=207.8 inventory notice: Photo added (41)
[bot s2] t=207.8 inventory notice: Industrial zone: streetlights are on
[bot s2] t=209.5 inventory notice: Photo added (42)
[bot s2] t=209.5 inventory notice: +1000 coins for a district
[bot s2] t=209.6 inventory notice: Industrial zone: district fully restored
[bot s2] t=209.6 industrial FULL (209.6s)
[bot s2] t=210.5 inventory notice: Photo added (43)
[bot s2] t=210.6 Travel -> substation (map button)
[bot s2] t=212.3 hb ph=spine st=2 want=substation cur=substation si=9 sc=315 mr=0 ppos=(-5.0, 1.0, -9.0) valid=true in_tree=true finite=true tgt=(5.0, 1.0, -12.0) tdist=10.2 npu=13 col=StreetCollision col=StreetCollision col=StreetCollision pack=23.2/40kg slots=7/12 batteries=3 charge=55 itarget=none aim_dot=1.00 yaw=-74
[bot s2] t=217.4 hb ph=spine st=2 want=substation cur=substation si=9 sc=315 mr=0 ppos=(4.0, 1.0, -10.0) valid=true in_tree=true finite=true tgt=(8.0, 0.0, 8.0) tdist=18.4 npu=12 col=StreetCollision col=StreetCollision col=StreetCollision pack=24.7/40kg slots=8/12 batteries=3 charge=54 itarget=none aim_dot=1.00 yaw=-168
[bot s2] t=219.5 inventory notice: Photo added (44)
[bot s2] t=219.5 inventory notice: QUEST COMPLETE: Batteries (+45 coins)
[bot s2] t=222.4 hb ph=spine st=2 want=substation cur=substation si=9 sc=315 mr=0 ppos=(6.0, 1.0, 0.0) valid=true in_tree=true finite=true tgt=(8.0, 0.0, 8.0) tdist=8.1 npu=11 col=StreetCollision col=StreetCollision col=StreetCollision pack=25.0/40kg slots=8/12 batteries=4 charge=53 itarget=none aim_dot=1.00 yaw=-168
[bot s2] t=225.0 inventory notice: Substation: partial power restored
[bot s2] t=227.4 hb ph=spine st=2 want=substation cur=substation si=9 sc=325 mr=0 ppos=(8.0, 1.0, 8.0) valid=true in_tree=true finite=true tgt=(9.0, 1.0, 15.0) tdist=7.6 npu=11 col=Body pack=23.5/40kg slots=7/12 batteries=4 charge=51 itarget=PowerSwitch aim_dot=1.00 yaw=-173
[bot s2] t=232.4 hb ph=spine st=2 want=substation cur=substation si=9 sc=325 mr=0 ppos=(9.0, 1.0, 12.0) valid=true in_tree=true finite=true tgt=(9.0, 1.0, 15.0) tdist=3.6 npu=11 col=StreetCollision col=StreetCollision col=StreetCollision pack=23.5/40kg slots=7/12 batteries=4 charge=50 itarget=none aim_dot=1.00 yaw=179
[bot s2] t=235.1 inventory notice: Photo added (45)
[bot s2] t=235.1 inventory notice: Substation: streetlights are on
[bot s2] t=236.2 inventory notice: Photo added (46)
[bot s2] t=236.2 inventory notice: QUEST COMPLETE: Components (+70 coins)
[bot s2] t=237.2 inventory notice: Photo added (47)
[bot s2] t=237.3 inventory notice: +1100 coins for a district
[bot s2] t=237.3 inventory notice: Substation: district fully restored
[bot s2] t=237.3 substation FULL (237.3s)
[bot s2] t=237.4 hb ph=spine st=2 want=power_station cur=substation si=10 sc=350 mr=0 ppos=(8.0, 1.0, 8.0) valid=true in_tree=true finite=true tgt=(8.0, 0.0, 8.0) tdist=-1.0 npu=9 col=Body col=StreetCollision pack=23.5/40kg slots=7/12 batteries=4 charge=49 itarget=none aim_dot=0.90 yaw=-37
[bot s2] t=238.3 inventory notice: Photo added (48)
[bot s2] t=238.3 Travel -> power_station (map button)
[bot s2] t=242.4 hb ph=spine st=2 want=power_station cur=power_station si=10 sc=350 mr=0 ppos=(-12.0, 1.0, -1.0) valid=true in_tree=true finite=true tgt=(-18.0, 1.0, 8.0) tdist=10.4 npu=13 col=GroundBody col=GroundBody col=GroundBody pack=23.5/40kg slots=7/12 batteries=4 charge=48 itarget=none aim_dot=1.00 yaw=149
[bot s2] t=247.4 hb ph=spine st=2 want=power_station cur=power_station si=10 sc=350 mr=0 ppos=(-15.0, 1.0, 7.0) valid=true in_tree=true finite=true tgt=(8.0, 0.0, 8.0) tdist=23.5 npu=12 col=StreetCollision col=StreetCollision col=StreetCollision pack=25.0/40kg slots=8/12 batteries=4 charge=47 itarget=none aim_dot=1.00 yaw=-93
[bot s2] t=252.5 hb ph=spine st=2 want=power_station cur=power_station si=10 sc=350 mr=0 ppos=(-5.0, 1.0, 7.0) valid=true in_tree=true finite=true tgt=(8.0, 0.0, 8.0) tdist=13.2 npu=12 col=StreetCollision col=StreetCollision col=StreetCollision pack=25.0/40kg slots=8/12 batteries=4 charge=46 itarget=none aim_dot=1.00 yaw=-93
[bot s2] t=257.5 hb ph=spine st=2 want=power_station cur=power_station si=10 sc=350 mr=0 ppos=(5.0, 1.0, 8.0) valid=true in_tree=true finite=true tgt=(8.0, 0.0, 8.0) tdist=3.1 npu=10 col=StreetCollision col=StreetCollision col=StreetCollision pack=26.1/40kg slots=9/12 batteries=4 charge=45 itarget=PowerSwitch aim_dot=1.00 yaw=-93
[bot s2] t=257.7 inventory notice: Power station: partial power restored
[bot s2] t=262.5 hb ph=spine st=2 want=power_station cur=power_station si=10 sc=360 mr=0 ppos=(-2.0, 1.0, 14.0) valid=true in_tree=true finite=true tgt=(-7.0, 0.0, 18.0) tdist=6.7 npu=10 near=Watcher@2.4 col=GroundBody col=GroundBody col=GroundBody pack=24.6/40kg slots=8/12 batteries=4 charge=44 itarget=none aim_dot=1.00 yaw=129
[bot s2] t=266.3 inventory notice: Power surge — the flashlight flickered!
[bot s2] t=267.5 hb ph=spine st=2 want=power_station cur=power_station si=10 sc=360 mr=0 ppos=(-2.0, 1.0, 15.0) valid=true in_tree=true finite=true tgt=(8.0, 0.0, 8.0) tdist=12.3 npu=9 near=Watcher@2.5 col=GroundBody col=GroundBody col=GroundBody pack=25.0/40kg slots=9/12 batteries=4 charge=43 itarget=none aim_dot=1.00 yaw=-56
[bot s2] t=272.2 inventory notice: Photo added (49)
[bot s2] t=272.2 inventory notice: Power station: streetlights are on
[bot s2] t=272.5 hb ph=spine st=2 want=power_station cur=power_station si=10 sc=370 mr=0 ppos=(6.0, 1.0, 9.0) valid=true in_tree=true finite=true tgt=(8.0, 0.0, 8.0) tdist=2.1 npu=9 col=StreetCollision col=StreetCollision col=StreetCollision pack=24.6/40kg slots=8/12 batteries=4 charge=41 itarget=PowerSwitch aim_dot=1.00 yaw=-56
[bot s2] t=273.2 inventory notice: Photo added (50)
[bot s2] t=273.2 inventory notice: Return to the power station
[bot s2] t=273.2 inventory notice: +1200 coins for a district
[bot s2] t=273.3 inventory notice: Power station: district fully restored
[bot s2] t=273.3 inventory notice: Photo added (51)
[bot s2] t=273.3 all 11 districts FULL — final night; bot is standing in power_station
[bot s2] t=273.3 finale: engaging the Architect (deadline 240s)
[bot s2] t=273.3 inventory notice: Creature blinded!
[bot s2] t=277.5 hb ph=boss st=2 want=power_station cur=power_station si=10 sc=880 mr=0 ppos=(11.0, 1.0, 5.0) valid=true in_tree=true finite=true tgt=(8.0, 0.0, 8.0) tdist=3.9 npu=9 boss_pos=(13.0, 1.0, 1.0) boss_dist=4.9 boss_hp=800.0/800.0 battery=35.344444444397 fl_on=true stam=94.4666666666667 stun=0.0 atk=none ai=4 near=BossArchitect@4.9 col=StreetCollision col=StreetCollision col=StreetCollision pack=24.5/40kg slots=7/12 batteries=4 charge=35 itarget=none aim_dot=-0.98 yaw=-35
[bot s2] t=280.2 inventory notice: Ammo +12
[bot s2] t=282.5 hb ph=boss st=2 want=power_station cur=power_station si=10 sc=900 mr=0 ppos=(13.0, 1.0, 2.0) valid=true in_tree=true finite=true tgt=(8.0, 0.0, 8.0) tdist=7.8 npu=9 boss_pos=(13.0, 1.0, 1.0) boss_dist=0.9 boss_hp=760.625/800.0 battery=34.2296296295813 fl_on=true stam=97.3333333333333 stun=0.0 atk=windup ai=4 near=BossArchitect@0.9 col=BossArchitect pack=24.5/40kg slots=7/12 batteries=4 charge=34 itarget=none aim_dot=-1.00 yaw=-35
[bot s2] t=283.4 inventory notice: Creature blinded!
[bot s2] t=287.5 hb ph=boss st=2 want=power_station cur=power_station si=10 sc=923 mr=0 ppos=(13.0, 1.0, 2.0) valid=true in_tree=true finite=true tgt=(8.0, 0.0, 8.0) tdist=7.6 npu=9 boss_pos=(13.0, 1.0, 1.0) boss_dist=1.2 boss_hp=713.375/800.0 battery=28.1185185184702 fl_on=true stam=80.2333333333333 stun=0.0 atk=windup ai=4 near=BossArchitect@1.2 col=StreetCollision col=StreetCollision col=StreetCollision pack=24.5/40kg slots=7/12 batteries=4 charge=28 itarget=none aim_dot=-1.00 yaw=-35
[bot s2] t=292.6 hb ph=boss st=2 want=power_station cur=power_station si=10 sc=955 mr=0 ppos=(13.0, 1.0, 2.0) valid=true in_tree=true finite=true tgt=(8.0, 0.0, 8.0) tdist=7.9 npu=9 boss_pos=(13.0, 1.0, 1.0) boss_dist=0.9 boss_hp=649.0625/800.0 battery=27.0037037036555 fl_on=true stam=100.0 stun=0.0 atk=none ai=4 near=BossArchitect@0.9 col=BossArchitect pack=24.5/40kg slots=7/12 batteries=4 charge=27 itarget=none aim_dot=-0.89 yaw=-63
[bot s2] t=297.6 hb ph=boss st=2 want=power_station cur=power_station si=10 sc=978 mr=0 ppos=(10.0, 1.0, 3.0) valid=true in_tree=true finite=true tgt=(8.0, 0.0, 8.0) tdist=5.4 npu=9 boss_pos=(13.0, 1.0, 1.0) boss_dist=3.6 boss_hp=604.4375/800.0 battery=25.8888888888409 fl_on=true stam=90.3000000000001 stun=0.0 atk=none ai=4 near=BossArchitect@3.6 col=StreetCollision col=StreetCollision col=StreetCollision pack=24.5/40kg slots=7/12 batteries=4 charge=26 itarget=none aim_dot=-0.88 yaw=-57
[bot s2] t=302.6 hb ph=boss st=2 want=power_station cur=power_station si=10 sc=1004 mr=0 ppos=(13.0, 1.0, 2.0) valid=true in_tree=true finite=true tgt=(8.0, 0.0, 8.0) tdist=8.1 npu=9 boss_pos=(14.0, 1.0, 1.0) boss_dist=0.9 boss_hp=551.9375/800.0 battery=24.7740740740263 fl_on=true stam=96.6333333333333 stun=0.0 atk=windup ai=4 near=BossArchitect@0.9 col=StreetCollision col=BossArchitect pack=24.5/40kg slots=7/12 batteries=4 charge=25 itarget=none aim_dot=-0.95 yaw=-57
[bot s2] t=307.6 hb ph=boss st=2 want=power_station cur=power_station si=10 sc=1024 mr=0 ppos=(13.0, 1.0, 1.0) valid=true in_tree=true finite=true tgt=(8.0, 0.0, 8.0) tdist=8.2 npu=9 boss_pos=(16.0, 1.0, 0.0) boss_dist=3.1 boss_hp=512.5625/800.0 battery=23.6592592592116 fl_on=true stam=90.1666666666667 stun=0.0 atk=windup ai=4 near=BossArchitect@3.1 col=StreetCollision col=StreetCollision col=StreetCollision pack=24.5/40kg slots=7/12 batteries=4 charge=24 itarget=none aim_dot=-0.92 yaw=-60
[bot s2] t=308.0 inventory notice: Photo added (52)
[bot s2] t=312.6 hb ph=boss st=2 want=power_station cur=power_station si=10 sc=1028 mr=0 ppos=(16.0, 1.0, 0.0) valid=true in_tree=true finite=true tgt=(8.0, 0.0, 8.0) tdist=11.1 npu=9 boss_pos=(19.0, 1.0, -2.0) boss_dist=3.7 boss_hp=504.6875/800.0 battery=22.544444444397 fl_on=true stam=100.0 stun=0.0 atk=none ai=4 near=BossArchitect@3.7 col=GroundBody col=GroundBody col=GroundBody pack=24.5/40kg slots=7/12 batteries=4 charge=23 itarget=none aim_dot=-0.96 yaw=-59
[bot s2] t=317.6 hb ph=boss st=2 want=power_station cur=power_station si=10 sc=1047 mr=0 ppos=(21.0, 1.0, -3.0) valid=true in_tree=true finite=true tgt=(8.0, 0.0, 8.0) tdist=17.4 npu=10 boss_pos=(22.0, 1.0, -4.0) boss_dist=1.0 boss_hp=465.3125/800.0 battery=21.4296296295824 fl_on=true stam=100.0 stun=0.0 atk=recovery ai=4 near=BossArchitect@1.0 near=BossMinion2@2.3 near=BossMinion3@4.7 col=StreetCollision col=StreetCollision pack=24.5/40kg slots=7/12 batteries=4 charge=21 itarget=none aim_dot=-0.99 yaw=-59
[bot s2] t=320.1 inventory notice: Photo added (53)
[bot s2] t=320.1 inventory notice: QUEST COMPLETE: No escape for shadows (+70 coins)
[bot s2] t=322.7 hb ph=boss st=2 want=power_station cur=power_station si=10 sc=1060 mr=0 ppos=(23.0, 1.0, -5.0) valid=true in_tree=true finite=true tgt=(8.0, 0.0, 8.0) tdist=20.1 npu=10 boss_pos=(27.0, 1.0, -7.0) boss_dist=4.2 boss_hp=439.0625/800.0 battery=20.3148148147677 fl_on=true stam=90.0333333333334 stun=0.0 atk=none ai=4 near=BossArchitect@4.2 near=BossMinion3@3.2 col=StreetCollision col=StreetCollision col=StreetCollision pack=24.5/40kg slots=7/12 batteries=4 charge=20 itarget=none aim_dot=-0.99 yaw=-59
[bot s2] t=324.1 inventory notice: Creature blinded!
[bot s2] t=327.7 hb ph=boss st=2 want=power_station cur=power_station si=10 sc=1080 mr=0 ppos=(30.0, 1.0, -9.0) valid=true in_tree=true finite=true tgt=(8.0, 0.0, 8.0) tdist=27.5 npu=11 boss_pos=(31.0, 1.0, -10.0) boss_dist=1.7 boss_hp=399.6875/800.0 battery=49.1999999999523 fl_on=true stam=77.7 stun=0.0 atk=windup ai=4 near=BossArchitect@1.7 col=GroundBody col=GroundBody col=GroundBody pack=24.2/40kg slots=7/12 batteries=3 charge=49 itarget=none aim_dot=-0.99 yaw=-59
[bot s2] t=332.7 hb ph=boss st=2 want=power_station cur=power_station si=10 sc=1107 mr=0 ppos=(30.0, 1.0, -6.0) valid=true in_tree=true finite=true tgt=(8.0, 0.0, 8.0) tdist=25.7 npu=11 boss_pos=(31.0, 1.0, -12.0) boss_dist=6.7 boss_hp=345.875/800.0 battery=48.0851851851366 fl_on=true stam=73.3333333333334 stun=0.0 atk=windup ai=4 col=GroundBody col=GroundBody col=GroundBody pack=24.2/40kg slots=7/12 batteries=3 charge=48 itarget=none aim_dot=-0.70 yaw=-12
[bot s2] t=334.1 inventory notice: Creature blinded!
[bot s2] t=337.7 hb ph=boss st=2 want=power_station cur=power_station si=10 sc=1115 mr=0 ppos=(30.0, 1.0, -9.0) valid=true in_tree=true finite=true tgt=(8.0, 0.0, 8.0) tdist=27.9 npu=11 boss_pos=(31.0, 1.0, -14.0) boss_dist=5.6 boss_hp=330.125/800.0 battery=41.9703703703209 fl_on=true stam=83.2666666666667 stun=0.0 atk=windup ai=4 col=GroundBody col=GroundBody col=GroundBody pack=24.2/40kg slots=7/12 batteries=3 charge=42 itarget=none aim_dot=-0.70 yaw=-8
[bot s2] t=342.7 hb ph=boss st=2 want=power_station cur=power_station si=10 sc=1115 mr=0 ppos=(30.0, 1.0, -8.0) valid=true in_tree=true finite=true tgt=(8.0, 0.0, 8.0) tdist=27.5 npu=11 boss_pos=(31.0, 1.0, -14.0) boss_dist=6.2 boss_hp=330.125/800.0 battery=40.8555555555052 fl_on=true stam=85.8333333333334 stun=0.0 atk=active ai=4 col=GroundBody col=GroundBody col=GroundBody pack=24.2/40kg slots=7/12 batteries=3 charge=41 itarget=none aim_dot=-0.69 yaw=-8
[bot s2] t=344.1 inventory notice: Creature blinded!
[bot s2] t=347.7 hb ph=boss st=2 want=power_station cur=power_station si=10 sc=1144 mr=0 ppos=(31.0, 1.0, -14.0) valid=true in_tree=true finite=true tgt=(8.0, 0.0, 8.0) tdist=31.7 npu=12 boss_pos=(31.0, 1.0, -15.0) boss_dist=0.9 boss_hp=271.0625/800.0 battery=34.7407407406895 fl_on=true stam=100.0 stun=0.0 atk=none ai=4 near=BossArchitect@0.9 col=BossArchitect pack=24.2/40kg slots=7/12 batteries=3 charge=35 itarget=none aim_dot=-0.97 yaw=-31
[bot s2] t=351.2 inventory notice: A distress signal somewhere in the city…
[bot s2] t=352.8 hb ph=boss st=2 want=power_station cur=power_station si=10 sc=1180 mr=0 ppos=(31.0, 1.0, -18.0) valid=true in_tree=true finite=true tgt=(8.0, 0.0, 8.0) tdist=34.6 npu=12 boss_pos=(31.0, 1.0, -19.0) boss_dist=0.9 boss_hp=200.1875/800.0 battery=33.6259259258738 fl_on=true stam=100.0 stun=0.0 atk=none ai=4 near=BossArchitect@0.9 col=GroundBody col=BossArchitect pack=24.2/40kg slots=7/12 batteries=3 charge=34 itarget=none aim_dot=-0.76 yaw=-2
[bot s2] t=357.8 hb ph=boss st=2 want=power_station cur=power_station si=10 sc=1209 mr=0 ppos=(31.0, 1.0, -11.0) valid=true in_tree=true finite=true tgt=(8.0, 0.0, 8.0) tdist=30.1 npu=12 boss_pos=(31.0, 1.0, -14.0) boss_dist=3.7 boss_hp=141.125/800.0 battery=27.5111111110589 fl_on=true stam=83.1000000000001 stun=0.0 atk=none ai=4 near=BossArchitect@3.7 col=GroundBody col=GroundBody col=GroundBody pack=22.2/40kg slots=7/12 batteries=3 charge=28 itarget=none aim_dot=-0.56 yaw=5
[bot s2] t=362.8 hb ph=boss st=2 want=power_station cur=power_station si=10 sc=1236 mr=0 ppos=(30.0, 1.0, -8.0) valid=true in_tree=true finite=true tgt=(8.0, 0.0, 8.0) tdist=27.8 npu=12 boss_pos=(31.0, 1.0, -10.0) boss_dist=1.4 boss_hp=88.625/800.0 battery=26.3962962962443 fl_on=true stam=81.4666666666668 stun=0.0 atk=none ai=4 near=BossArchitect@1.4 col=GroundBody col=GroundBody col=GroundBody pack=20.2/40kg slots=6/12 batteries=3 charge=26 itarget=none aim_dot=-0.66 yaw=-5
[bot s2] t=367.8 revived after death (1 total)
[bot s2] t=367.8 hb ph=boss st=2 want=power_station cur=power_station si=10 sc=1262 mr=0 ppos=(30.0, 1.0, -2.0) valid=true in_tree=true finite=true tgt=(8.0, 0.0, 8.0) tdist=24.0 npu=13 boss_pos=(30.0, 1.0, -3.0) boss_dist=0.9 boss_hp=36.125/800.0 battery=25.3777777777259 fl_on=true stam=70.7000000000004 stun=0.0 atk=none ai=4 near=BossArchitect@0.9 col=BossArchitect col=GroundBody pack=20.2/40kg slots=6/12 batteries=3 charge=25 itarget=none aim_dot=-0.50 yaw=-5
[bot s2] t=372.8 hb ph=boss st=2 want=power_station cur=power_station si=10 sc=1275 mr=0 ppos=(30.0, 1.0, 1.0) valid=true in_tree=true finite=true tgt=(8.0, 0.0, 8.0) tdist=22.9 npu=13 boss_pos=(30.0, 1.0, -1.0) boss_dist=1.4 boss_hp=9.875/800.0 battery=24.2629629629113 fl_on=true stam=98.0333333333333 stun=0.0 atk=windup ai=4 near=BossArchitect@1.4 col=GroundBody col=GroundBody col=GroundBody pack=20.2/40kg slots=6/12 batteries=3 charge=24 itarget=none aim_dot=-0.37 yaw=-3
[bot s2] t=373.4 inventory notice: Photo added (54)
[bot s2] t=373.5 WIN ending fired
[bot s2] ── RUN SUMMARY ──────────────────────────────
[bot s2]   result       : WIN
[bot s2]   wall time    : 373.5s
[bot s2]   districts FULL: 11/11
[bot s2]   deaths       : 2
[bot s2]   coins earned : 8784 (wallet 8784)
[bot s2]   nudges       : 10 (>1 means the win leaned on nudge rescues, not clean nav — docs/REDTEAM_CHALLENGE.md TG-PLAY)
[bot s2]   onboarding   : first_interactable=24.5 first_secret_hint=11.8 first_secret_found=-1.0 first_district_full=26.6
[bot s2]   stage timeline: suburbs:0@6.8, suburbs:1@24.5, suburbs:2@25.5, suburbs:3@26.6, residential:0@27.8, residential:1@41.7, residential:2@47.9, residential:3@53.0, park:0@54.1, park:1@61.8, park:2@65.8, park:3@80.6, school:0@81.7, school:1@91.3, school:2@92.6, school:3@95.8, hospital:0@96.8, hospital:1@105.7, hospital:2@106.7, hospital:3@123.4, gas_station:0@124.5, gas_station:1@135.9, gas_station:2@141.8, gas_station:3@145.1, police:0@146.3, police:1@155.6, police:2@164.7, police:3@165.8, warehouses:0@166.9, warehouses:1@177.7, warehouses:2@181.1, warehouses:3@195.0, industrial:0@196.1, industrial:1@206.8, industrial:2@207.8, industrial:3@209.6, substation:0@210.7, substation:1@225.1, substation:2@235.1, substation:3@237.3, power_station:0@238.4, power_station:1@257.7, power_station:2@272.2
[bot s2]   part economy : suburbs stage 0->1 @t=24.5 | suburbs stage 1->2 @t=25.5 | suburbs stage 2->3 @t=26.6 | residential stage 0->1 @t=41.7 | residential stage 1->2 @t=47.9 | residential stage 2->3 @t=53.0 | park stage 0->1 @t=61.8 | park stage 1->2 @t=65.8 | park stage 2->3 @t=80.6 | school stage 0->1 @t=91.3 | school stage 1->2 @t=92.6 | school stage 2->3 @t=95.7 | hospital stage 0->1 @t=105.7 | hospital stage 1->2 @t=106.7 | hospital stage 2->3 @t=123.4 | gas_station stage 0->1 @t=135.9 | gas_station stage 1->2 @t=141.8 | gas_station stage 2->3 @t=145.1 | police stage 0->1 @t=155.6 | police stage 1->2 @t=164.7 | police stage 2->3 @t=165.7 | warehouses stage 0->1 @t=177.7 | warehouses stage 1->2 @t=181.1 | warehouses stage 2->3 @t=195.0 | industrial stage 0->1 @t=206.8 | industrial stage 1->2 @t=207.8 | industrial stage 2->3 @t=209.6 | substation stage 0->1 @t=225.1 | substation stage 1->2 @t=235.1 | substation stage 2->3 @t=237.3 | power_station stage 0->1 @t=257.7 | power_station stage 1->2 @t=272.2
[bot s2] ── END ──────────────────────────────────────
ERROR: 3 RID allocations of type 'PN13RendererDummy14TextureStorage12DummyTextureE' were leaked at exit.
ERROR: 12 RID allocations of type 'PN18TextServerAdvanced22ShapedTextDataAdvancedE' were leaked at exit.
ERROR: 2 RID allocations of type 'PN18TextServerAdvanced12FontAdvancedE' were leaked at exit.
WARNING: 6 RIDs of type "CanvasItem" were leaked.
   at: _free_rids (servers/rendering/renderer_canvas_cull.cpp:2735)
WARNING: 126 ObjectDB instances were leaked at exit (run with `--verbose` for details).
   at: cleanup (core/object/object.cpp:2535)
ERROR: 27 resources still in use at exit (run with --verbose for details).
   at: clear (core/io/resource.cpp:822)
