# proof s8_mutations_46723a7
# utc 20261008T001953Z
# head 46723a7 (uncommitted paths: 0)
# cmd bash -c trap "python tools/qa_sim/closeout_mutations.py restore" EXIT; python tools/qa_sim/closeout_mutations.py apply && CLOSEOUT_ONLY=combat bash tools/qa_sim/closeout_check 300
applied 16 mutations to 10 files
  user-data guard: 11 file(s) snapshotted from C:\Users\Maxsim\AppData\Roaming/Godot/app_userdata/The Last Streetlight
[closeout] FAIL MELEE1 a swing damages a monster 1.6 m ahead, for every kind (missed: shadow_3d hp 30 -> 30, combo 1, phase none, crawler_3d hp 50 -> 50, combo 2, phase none, hound_3d hp 40 -> 40, combo 3, phase none, hunter_3d hp 120 -> 120, combo 1, phase none, brute_3d hp 350 -> 350, combo 2, phase none, rotter_3d hp 140 -> 140, combo 3, phase none, watcher_3d hp 80 -> 80, combo 1, phase none, sharpshooter_3d hp 60 -> 60, combo 2, phase none)
[closeout] FAIL G13 the combo deals the GDD 5.1 damage, 8 / 12 / 20 (it was 14 / 21 / 35 while no swing could land on a monster)
[closeout] FAIL CRAWL1 an idle crawler stands still instead of running on at its last velocity ((4.0, 0.0, 3.0))
[closeout] FAIL CRAWL1 an investigating crawler goes to the spot it heard instead of standing (velocity (0.0, 0.0, 0.0))
[closeout] FAIL DEAD1 a hit on a dead player is not a second death (2, was 1)
[closeout] FAIL TUT1 with the light on the flashlight hint is skipped (step 1)
[closeout] FAIL TUT2 the flashlight_toggle key completes the flashlight hint
[closeout] FAIL TUT2 the stealth key completes the crouch hint
[closeout] FAIL TUT2 the attack key completes the attack hint
[closeout] FAIL TUT2 the inventory_toggle key completes the inventory hint
[closeout] FAIL TUT2 moving completes the move hint
[closeout] FAIL TUT2 repairing a district completes the generator hint
[closeout] FAIL TUT2 a double tap completes the dodge hint
[closeout] FAIL STREET1 every marking tile stands at least 1 cm above the road tiles (0.000 m)
[closeout] FAIL SCROLL1 a vertical scroll bar of the UI theme is at least 8 px wide (0)
[closeout] FAIL WIN2 a win with every district FULL and few documents shows Hope, not the ending left from before (hope, 'Darkness')
[closeout] FAIL HELP1 every row of the help screen names a real action and a translated text without a format placeholder (PROMPT_REPAIR = 'Repair panel (needs: %s)', action sprint)
[closeout] FAIL H3.2 the quick bar holds six slots on screen: two weapons, battery, medkit, grenade and the light as the special (0 slot nodes, 0 inside the (1920.0, 1920.0) screen)
[closeout] FAIL TIER1 the Graphics Tier names follow the language (ru: )
[closeout] FAIL PERF2 the moon casts no shadow in a dark district (energy 0.12)
[closeout] DONE checks=32 fails=20
  closeout_check rc=1 (log: .qa_logs/closeout_check.log)
  user-data guard: 11 file(s) restored byte-identical
restored every backed-up file
# EXIT=1
